Archive member included to satisfy reference by file (symbol)

/Users/ohmpanchal/.pico-sdk/toolchain/13_2_Rel1/bin/../lib/gcc/arm-none-eabi/13.2.1/thumb/v6-m/nofp/libgcc.a(_dvmd_tls.o)
                              CMakeFiles/slave_mem_i2c.dir/Users/ohmpanchal/.pico-sdk/sdk/2.0.0/src/rp2_common/pico_divider/divider_hardware.S.obj (__aeabi_idiv0)
/Users/ohmpanchal/.pico-sdk/toolchain/13_2_Rel1/bin/../lib/gcc/arm-none-eabi/13.2.1/../../../../arm-none-eabi/lib/thumb/v6-m/nofp/libg.a(libc_a-calloc.o)
                              CMakeFiles/slave_mem_i2c.dir/Users/ohmpanchal/.pico-sdk/sdk/2.0.0/src/rp2_common/pico_malloc/malloc.c.obj (calloc)
/Users/ohmpanchal/.pico-sdk/toolchain/13_2_Rel1/bin/../lib/gcc/arm-none-eabi/13.2.1/../../../../arm-none-eabi/lib/thumb/v6-m/nofp/libg.a(libc_a-callocr.o)
                              /Users/ohmpanchal/.pico-sdk/toolchain/13_2_Rel1/bin/../lib/gcc/arm-none-eabi/13.2.1/../../../../arm-none-eabi/lib/thumb/v6-m/nofp/libg.a(libc_a-calloc.o) (_calloc_r)
/Users/ohmpanchal/.pico-sdk/toolchain/13_2_Rel1/bin/../lib/gcc/arm-none-eabi/13.2.1/../../../../arm-none-eabi/lib/thumb/v6-m/nofp/libg.a(libc_a-malloc.o)
                              CMakeFiles/slave_mem_i2c.dir/Users/ohmpanchal/.pico-sdk/sdk/2.0.0/src/rp2_common/pico_malloc/malloc.c.obj (malloc)
/Users/ohmpanchal/.pico-sdk/toolchain/13_2_Rel1/bin/../lib/gcc/arm-none-eabi/13.2.1/../../../../arm-none-eabi/lib/thumb/v6-m/nofp/libg.a(libc_a-mallocr.o)
                              /Users/ohmpanchal/.pico-sdk/toolchain/13_2_Rel1/bin/../lib/gcc/arm-none-eabi/13.2.1/../../../../arm-none-eabi/lib/thumb/v6-m/nofp/libg.a(libc_a-callocr.o) (_malloc_r)
/Users/ohmpanchal/.pico-sdk/toolchain/13_2_Rel1/bin/../lib/gcc/arm-none-eabi/13.2.1/../../../../arm-none-eabi/lib/thumb/v6-m/nofp/libg.a(libc_a-mlock.o)
                              /Users/ohmpanchal/.pico-sdk/toolchain/13_2_Rel1/bin/../lib/gcc/arm-none-eabi/13.2.1/../../../../arm-none-eabi/lib/thumb/v6-m/nofp/libg.a(libc_a-mallocr.o) (__malloc_lock)
/Users/ohmpanchal/.pico-sdk/toolchain/13_2_Rel1/bin/../lib/gcc/arm-none-eabi/13.2.1/../../../../arm-none-eabi/lib/thumb/v6-m/nofp/libg.a(libc_a-realloc.o)
                              CMakeFiles/slave_mem_i2c.dir/Users/ohmpanchal/.pico-sdk/sdk/2.0.0/src/rp2_common/pico_malloc/malloc.c.obj (realloc)
/Users/ohmpanchal/.pico-sdk/toolchain/13_2_Rel1/bin/../lib/gcc/arm-none-eabi/13.2.1/../../../../arm-none-eabi/lib/thumb/v6-m/nofp/libg.a(libc_a-reallocr.o)
                              /Users/ohmpanchal/.pico-sdk/toolchain/13_2_Rel1/bin/../lib/gcc/arm-none-eabi/13.2.1/../../../../arm-none-eabi/lib/thumb/v6-m/nofp/libg.a(libc_a-realloc.o) (_realloc_r)
/Users/ohmpanchal/.pico-sdk/toolchain/13_2_Rel1/bin/../lib/gcc/arm-none-eabi/13.2.1/../../../../arm-none-eabi/lib/thumb/v6-m/nofp/libg.a(libc_a-memcmp.o)
                              CMakeFiles/slave_mem_i2c.dir/Users/ohmpanchal/.pico-sdk/sdk/2.0.0/src/rp2_common/pico_atomic/atomic.c.obj (memcmp)
/Users/ohmpanchal/.pico-sdk/toolchain/13_2_Rel1/bin/../lib/gcc/arm-none-eabi/13.2.1/../../../../arm-none-eabi/lib/thumb/v6-m/nofp/libg.a(libc_a-memmove.o)
                              /Users/ohmpanchal/.pico-sdk/toolchain/13_2_Rel1/bin/../lib/gcc/arm-none-eabi/13.2.1/../../../../arm-none-eabi/lib/thumb/v6-m/nofp/libg.a(libc_a-reallocr.o) (memmove)
/Users/ohmpanchal/.pico-sdk/toolchain/13_2_Rel1/bin/../lib/gcc/arm-none-eabi/13.2.1/../../../../arm-none-eabi/lib/thumb/v6-m/nofp/libg.a(libc_a-lcltime_r.o)
                              CMakeFiles/slave_mem_i2c.dir/Users/ohmpanchal/.pico-sdk/sdk/2.0.0/src/common/pico_util/datetime.c.obj (localtime_r)
/Users/ohmpanchal/.pico-sdk/toolchain/13_2_Rel1/bin/../lib/gcc/arm-none-eabi/13.2.1/../../../../arm-none-eabi/lib/thumb/v6-m/nofp/libg.a(libc_a-mktime.o)
                              CMakeFiles/slave_mem_i2c.dir/Users/ohmpanchal/.pico-sdk/sdk/2.0.0/src/common/pico_util/datetime.c.obj (mktime)
/Users/ohmpanchal/.pico-sdk/toolchain/13_2_Rel1/bin/../lib/gcc/arm-none-eabi/13.2.1/../../../../arm-none-eabi/lib/thumb/v6-m/nofp/libg.a(libc_a-month_lengths.o)
                              /Users/ohmpanchal/.pico-sdk/toolchain/13_2_Rel1/bin/../lib/gcc/arm-none-eabi/13.2.1/../../../../arm-none-eabi/lib/thumb/v6-m/nofp/libg.a(libc_a-lcltime_r.o) (__month_lengths)
/Users/ohmpanchal/.pico-sdk/toolchain/13_2_Rel1/bin/../lib/gcc/arm-none-eabi/13.2.1/../../../../arm-none-eabi/lib/thumb/v6-m/nofp/libg.a(libc_a-tzcalc_limits.o)
                              /Users/ohmpanchal/.pico-sdk/toolchain/13_2_Rel1/bin/../lib/gcc/arm-none-eabi/13.2.1/../../../../arm-none-eabi/lib/thumb/v6-m/nofp/libg.a(libc_a-lcltime_r.o) (__tzcalc_limits)
/Users/ohmpanchal/.pico-sdk/toolchain/13_2_Rel1/bin/../lib/gcc/arm-none-eabi/13.2.1/../../../../arm-none-eabi/lib/thumb/v6-m/nofp/libg.a(libc_a-tzlock.o)
                              /Users/ohmpanchal/.pico-sdk/toolchain/13_2_Rel1/bin/../lib/gcc/arm-none-eabi/13.2.1/../../../../arm-none-eabi/lib/thumb/v6-m/nofp/libg.a(libc_a-lcltime_r.o) (__tz_lock)
[...]
Memory Configuration

Name             Origin             Length             Attributes
FLASH            0x10000000         0x00200000         xr
RAM              0x20000000         0x00040000         xrw
SCRATCH_X        0x20040000         0x00001000         xrw
SCRATCH_Y        0x20041000         0x00001000         xrw
*default*        0x00000000         0xffffffff

Linker script and memory map

LOAD /Users/ohmpanchal/.pico-sdk/toolchain/13_2_Rel1/bin/../lib/gcc/arm-none-eabi/13.2.1/thumb/v6-m/nofp/crti.o
LOAD /Users/ohmpanchal/.pico-sdk/toolchain/13_2_Rel1/bin/../lib/gcc/arm-none-eabi/13.2.1/thumb/v6-m/nofp/crtbegin.o
LOAD /Users/ohmpanchal/.pico-sdk/toolchain/13_2_Rel1/bin/../lib/gcc/arm-none-eabi/13.2.1/../../../../arm-none-eabi/lib/thumb/v6-m/nofp/crt0.o

.flash_begin    0x10000000        0x0
                0x10000000                        __flash_binary_start = .

.boot2          0x10000000      0x100
                0x10000000                        __boot2_start__ = .
 *(.boot2)
 .boot2         0x10000000      0x100 /var/folders/mt/h2tf1myj0_3443kvr0szzxt80000gn/T//ccUtaaD2.o
                0x10000100                        __boot2_end__ = .
                0x00000001                        ASSERT (((__boot2_end__ - __boot2_start__) == 0x100), ERROR: Pico second stage bootloader must be 256 bytes in size)

.text           0x10000100     0x1d58
                0x10000100                        __logical_binary_start = .
 *(.vectors)
 .vectors       0x10000100       0xd4 CMakeFiles/slave_mem_i2c.dir/Users/ohmpanchal/.pico-sdk/sdk/2.0.0/src/rp2_common/pico_crt0/crt0.S.obj
                0x10000100                __VECTOR_TABLE
                0x10000100                __vectors
                0x100001c0                __default_isrs_start
                0x100001c0                isr_invalid
                0x100001c2                isr_nmi
                0x100001c4                isr_hardfault
                0x100001c6                isr_svcall
                0x100001c8                isr_pendsv
                0x100001ca                isr_systick
                0x100001cc                isr_irq28
                0x100001cc                isr_irq19
                0x100001cc                isr_irq0
                0x100001cc                isr_irq6
                0x100001cc                isr_irq22
                0x100001cc                isr_irq17
                0x100001cc                isr_irq14
                0x100001cc                isr_irq2
                0x100001cc                isr_irq10
                0x100001cc                isr_irq8
                0x100001cc                isr_irq24
                0x100001cc                isr_irq1
                0x100001cc                isr_irq7
                0x100001cc                isr_irq21
                0x100001cc                isr_irq20
                0x100001cc                isr_irq15
                0x100001cc                isr_irq25
                0x100001cc                isr_irq4
                0x100001cc                isr_irq16
                0x100001cc                isr_irq29
                0x100001cc                isr_irq26
                0x100001cc                __default_isrs_end
                0x100001cc                isr_irq3
                0x100001cc                isr_irq9
                0x100001cc                __unhandled_user_irq
                0x100001cc                isr_irq13
                0x100001cc                isr_irq27
                0x100001cc                isr_irq31
                0x100001cc                isr_irq5
                0x100001cc                isr_irq11
                0x100001cc                isr_irq23
                0x100001cc                isr_irq18
                0x100001cc                isr_irq30
                0x100001cc                isr_irq12
                0x100001d2                unhandled_user_irq_num_in_r0
 *(.binary_info_header)
 .binary_info_header
                0x100001d4       0x14 CMakeFiles/slave_mem_i2c.dir/Users/ohmpanchal/.pico-sdk/sdk/2.0.0/src/rp2_common/pico_crt0/crt0.S.obj
                0x100001e8                        __binary_info_header_end = .
 *(.embedded_block)
                0x100001e8                        __embedded_block_end = .
 *(.reset)
 .reset         0x100001e8       0x9c CMakeFiles/slave_mem_i2c.dir/Users/ohmpanchal/.pico-sdk/sdk/2.0.0/src/rp2_common/pico_crt0/crt0.S.obj
                0x100001e8                _entry_point
 *(.init)
 .init          0x10000284        0x4 /Users/ohmpanchal/.pico-sdk/toolchain/13_2_Rel1/bin/../lib/gcc/arm-none-eabi/13.2.1/thumb/v6-m/nofp/crti.o
                0x10000284                _init
 *(EXCLUDE_FILE(*libm.a: *libc.a:*lib_a-mem*.o *libgcc.a:) .text*)
 .text.register_tm_clones
                0x10000288       0x28 /Users/ohmpanchal/.pico-sdk/toolchain/13_2_Rel1/bin/../lib/gcc/arm-none-eabi/13.2.1/thumb/v6-m/nofp/crtbegin.o
 .text.frame_dummy
                0x100002b0       0x24 /Users/ohmpanchal/.pico-sdk/toolchain/13_2_Rel1/bin/../lib/gcc/arm-none-eabi/13.2.1/thumb/v6-m/nofp/crtbegin.o
 .text.i2c_slave_handler
                0x100002d4       0x10 CMakeFiles/slave_mem_i2c.dir/slave_mem_i2c.c.obj
 .text.init_adc
                0x100002e4       0x38 CMakeFiles/slave_mem_i2c.dir/slave_mem_i2c.c.obj
                0x100002e4                init_adc
 .text.startup.main
                0x1000031c       0x84 CMakeFiles/slave_mem_i2c.dir/slave_mem_i2c.c.obj
                0x1000031c                main
 .text.i2c_slave_init
                0x100003a0       0x48 CMakeFiles/slave_mem_i2c.dir/Users/ohmpanchal/.pico-sdk/sdk/2.0.0/src/rp2_common/pico_i2c_slave/i2c_slave.c.obj
                0x100003a0                i2c_slave_init
 .text.i2c_set_baudrate
                0x100003e8       0xc0 CMakeFiles/slave_mem_i2c.dir/Users/ohmpanchal/.pico-sdk/sdk/2.0.0/src/rp2_common/hardware_i2c/i2c.c.obj
                0x100003e8                i2c_set_baudrate
 .text.i2c_init
                0x100004a8       0x50 CMakeFiles/slave_mem_i2c.dir/Users/ohmpanchal/.pico-sdk/sdk/2.0.0/src/rp2_common/hardware_i2c/i2c.c.obj
                0x100004a8                i2c_init
 .text.i2c_set_slave_mode
                0x100004f8       0x40 CMakeFiles/slave_mem_i2c.dir/Users/ohmpanchal/.pico-sdk/sdk/2.0.0/src/rp2_common/hardware_i2c/i2c.c.obj
                0x100004f8                i2c_set_slave_mode
 .text.panic    0x10000538       0x30 CMakeFiles/slave_mem_i2c.dir/Users/ohmpanchal/.pico-sdk/sdk/2.0.0/src/rp2_common/pico_platform_panic/panic.c.obj
                0x10000538                panic
 .text.hw_claim_or_assert
                0x10000568       0x44 CMakeFiles/slave_mem_i2c.dir/Users/ohmpanchal/.pico-sdk/sdk/2.0.0/src/common/hardware_claim/claim.c.obj
                0x10000568                hw_claim_or_assert
 .text.next_striped_spin_lock_num
                0x100005ac       0x18 CMakeFiles/slave_mem_i2c.dir/Users/ohmpanchal/.pico-sdk/sdk/2.0.0/src/rp2_common/hardware_sync/sync.c.obj
                0x100005ac                next_striped_spin_lock_num
 .text.spin_locks_reset
                0x100005c4       0x1c CMakeFiles/slave_mem_i2c.dir/Users/ohmpanchal/.pico-sdk/sdk/2.0.0/src/rp2_common/hardware_sync_spin_lock/sync_spin_lock.c.obj
                0x100005c4                spin_locks_reset
 .text.sleep_until_callback
                0x100005e0       0x30 CMakeFiles/slave_mem_i2c.dir/Users/ohmpanchal/.pico-sdk/sdk/2.0.0/src/common/pico_time/time.c.obj
 .text.alarm_pool_irq_handler
                0x10000610      0x2e4 CMakeFiles/slave_mem_i2c.dir/Users/ohmpanchal/.pico-sdk/sdk/2.0.0/src/common/pico_time/time.c.obj
 .text.runtime_init_default_alarm_pool
                0x100008f4       0xdc CMakeFiles/slave_mem_i2c.dir/Users/ohmpanchal/.pico-sdk/sdk/2.0.0/src/common/pico_time/time.c.obj
                0x100008f4                runtime_init_default_alarm_pool
 .text.alarm_pool_cancel_alarm
                0x100009d0       0x74 CMakeFiles/slave_mem_i2c.dir/Users/ohmpanchal/.pico-sdk/sdk/2.0.0/src/common/pico_time/time.c.obj
                0x100009d0                alarm_pool_cancel_alarm
 .text.best_effort_wfe_or_timeout
                0x10000a44      0x134 CMakeFiles/slave_mem_i2c.dir/Users/ohmpanchal/.pico-sdk/sdk/2.0.0/src/common/pico_time/time.c.obj
                0x10000a44                best_effort_wfe_or_timeout
 .text.timer_hardware_alarm_claim
                0x10000b78       0x14 CMakeFiles/slave_mem_i2c.dir/Users/ohmpanchal/.pico-sdk/sdk/2.0.0/src/rp2_common/hardware_timer/timer.c.obj
                0x10000b78                timer_hardware_alarm_claim
 .text.timer_time_us_64
                0x10000b8c       0x10 CMakeFiles/slave_mem_i2c.dir/Users/ohmpanchal/.pico-sdk/sdk/2.0.0/src/rp2_common/hardware_timer/timer.c.obj
                0x10000b8c                timer_time_us_64
 .text.time_us_64
                0x10000b9c       0x14 CMakeFiles/slave_mem_i2c.dir/Users/ohmpanchal/.pico-sdk/sdk/2.0.0/src/rp2_common/hardware_timer/timer.c.obj
                0x10000b9c                time_us_64
 .text.busy_wait_us
                0x10000bb0       0x68 CMakeFiles/slave_mem_i2c.dir/Users/ohmpanchal/.pico-sdk/sdk/2.0.0/src/rp2_common/hardware_timer/timer.c.obj
                0x10000bb0                busy_wait_us
 .text.runtime_init_per_core_irq_priorities
                0x10000c18       0x24 CMakeFiles/slave_mem_i2c.dir/Users/ohmpanchal/.pico-sdk/sdk/2.0.0/src/rp2_common/hardware_irq/irq.c.obj
                0x10000c18                runtime_init_per_core_irq_priorities
 .text.irq_set_enabled
                0x10000c3c       0x24 CMakeFiles/slave_mem_i2c.dir/Users/ohmpanchal/.pico-sdk/sdk/2.0.0/src/rp2_common/hardware_irq/irq.c.obj
                0x10000c3c                irq_set_enabled
 .text.irq_set_exclusive_handler
                0x10000c60       0x54 CMakeFiles/slave_mem_i2c.dir/Users/ohmpanchal/.pico-sdk/sdk/2.0.0/src/rp2_common/hardware_irq/irq.c.obj
                0x10000c60                irq_set_exclusive_handler
 .text.irq_remove_handler
                0x10000cb4      0x1d4 CMakeFiles/slave_mem_i2c.dir/Users/ohmpanchal/.pico-sdk/sdk/2.0.0/src/rp2_common/hardware_irq/irq.c.obj
                0x10000cb4                irq_remove_handler
 .text.irq_add_tail_to_free_list
                0x10000e88       0xb4 CMakeFiles/slave_mem_i2c.dir/Users/ohmpanchal/.pico-sdk/sdk/2.0.0/src/rp2_common/hardware_irq/irq.c.obj
                0x10000e88                irq_add_tail_to_free_list
 .text.lock_init
                0x10000f3c       0x10 CMakeFiles/slave_mem_i2c.dir/Users/ohmpanchal/.pico-sdk/sdk/2.0.0/src/common/pico_sync/lock_core.c.obj
                0x10000f3c                lock_init
 .text.runtime_init_mutex
                0x10000f4c       0x50 CMakeFiles/slave_mem_i2c.dir/Users/ohmpanchal/.pico-sdk/sdk/2.0.0/src/common/pico_sync/mutex.c.obj
                0x10000f4c                runtime_init_mutex
 .text.clock_configure_int_divider
                0x10000f9c       0xf4 CMakeFiles/slave_mem_i2c.dir/Users/ohmpanchal/.pico-sdk/sdk/2.0.0/src/rp2_common/hardware_clocks/clocks.c.obj
                0x10000f9c                clock_configure_int_divider
 .text.clock_configure_undivided
                0x10001090       0xe8 CMakeFiles/slave_mem_i2c.dir/Users/ohmpanchal/.pico-sdk/sdk/2.0.0/src/rp2_common/hardware_clocks/clocks.c.obj
                0x10001090                clock_configure_undivided
 .text.clock_get_hz
                0x10001178        0xc CMakeFiles/slave_mem_i2c.dir/Users/ohmpanchal/.pico-sdk/sdk/2.0.0/src/rp2_common/hardware_clocks/clocks.c.obj
                0x10001178                clock_get_hz
 .text.gpio_set_function
                0x10001184       0x34 CMakeFiles/slave_mem_i2c.dir/Users/ohmpanchal/.pico-sdk/sdk/2.0.0/src/rp2_common/hardware_gpio/gpio.c.obj
                0x10001184                gpio_set_function
 .text.gpio_set_pulls
                0x100011b8       0x28 CMakeFiles/slave_mem_i2c.dir/Users/ohmpanchal/.pico-sdk/sdk/2.0.0/src/rp2_common/hardware_gpio/gpio.c.obj
                0x100011b8                gpio_set_pulls
 .text.gpio_set_input_enabled
                0x100011e0       0x28 CMakeFiles/slave_mem_i2c.dir/Users/ohmpanchal/.pico-sdk/sdk/2.0.0/src/rp2_common/hardware_gpio/gpio.c.obj
                0x100011e0                gpio_set_input_enabled
 .text.gpio_init
                0x10001208       0x40 CMakeFiles/slave_mem_i2c.dir/Users/ohmpanchal/.pico-sdk/sdk/2.0.0/src/rp2_common/hardware_gpio/gpio.c.obj
                0x10001208                gpio_init
 .text.pll_init
                0x10001248       0xa4 CMakeFiles/slave_mem_i2c.dir/Users/ohmpanchal/.pico-sdk/sdk/2.0.0/src/rp2_common/hardware_pll/pll.c.obj
                0x10001248                pll_init
 .text.tick_start
                0x100012ec       0x10 CMakeFiles/slave_mem_i2c.dir/Users/ohmpanchal/.pico-sdk/sdk/2.0.0/src/rp2_common/hardware_ticks/ticks.c.obj
                0x100012ec                tick_start
 .text.xosc_init
                0x100012fc       0x28 CMakeFiles/slave_mem_i2c.dir/Users/ohmpanchal/.pico-sdk/sdk/2.0.0/src/rp2_common/hardware_xosc/xosc.c.obj
                0x100012fc                xosc_init
 .text.adc_init
                0x10001324       0x38 CMakeFiles/slave_mem_i2c.dir/Users/ohmpanchal/.pico-sdk/sdk/2.0.0/src/rp2_common/hardware_adc/adc.c.obj
                0x10001324                adc_init
 .text.uart_init
                0x1000135c      0x120 CMakeFiles/slave_mem_i2c.dir/Users/ohmpanchal/.pico-sdk/sdk/2.0.0/src/rp2_common/hardware_uart/uart.c.obj
                0x1000135c                uart_init
 .text.first_per_core_initializer
                0x1000147c        0x4 CMakeFiles/slave_mem_i2c.dir/Users/ohmpanchal/.pico-sdk/sdk/2.0.0/src/rp2_common/pico_runtime/runtime.c.obj
 .text.hard_assertion_failure
                0x10001480        0xc CMakeFiles/slave_mem_i2c.dir/Users/ohmpanchal/.pico-sdk/sdk/2.0.0/src/rp2_common/pico_runtime/runtime.c.obj
                0x10001480                hard_assertion_failure
 .text.runtime_run_initializers
                0x1000148c       0x28 CMakeFiles/slave_mem_i2c.dir/Users/ohmpanchal/.pico-sdk/sdk/2.0.0/src/rp2_common/pico_runtime/runtime.c.obj
                0x1000148c                runtime_run_initializers
 .text.runtime_init_early_resets
                0x100014b4       0x2c CMakeFiles/slave_mem_i2c.dir/Users/ohmpanchal/.pico-sdk/sdk/2.0.0/src/rp2_common/pico_runtime_init/runtime_init.c.obj
                0x100014b4                runtime_init_early_resets
 .text.runtime_init_usb_power_down
                0x100014e0       0x1c CMakeFiles/slave_mem_i2c.dir/Users/ohmpanchal/.pico-sdk/sdk/2.0.0/src/rp2_common/pico_runtime_init/runtime_init.c.obj
                0x100014e0                runtime_init_usb_power_down
 .text.runtime_init_post_clock_resets
                0x100014fc       0x20 CMakeFiles/slave_mem_i2c.dir/Users/ohmpanchal/.pico-sdk/sdk/2.0.0/src/rp2_common/pico_runtime_init/runtime_init.c.obj
                0x100014fc                runtime_init_post_clock_resets
 .text.runtime_init_rp2040_gpio_ie_disable
                0x1000151c       0x14 CMakeFiles/slave_mem_i2c.dir/Users/ohmpanchal/.pico-sdk/sdk/2.0.0/src/rp2_common/pico_runtime_init/runtime_init.c.obj
                0x1000151c                runtime_init_rp2040_gpio_ie_disable
 .text.runtime_init_spin_locks_reset
                0x10001530        0x8 CMakeFiles/slave_mem_i2c.dir/Users/ohmpanchal/.pico-sdk/sdk/2.0.0/src/rp2_common/pico_runtime_init/runtime_init.c.obj
                0x10001530                runtime_init_spin_locks_reset
 .text.runtime_init_install_ram_vector_table
                0x10001538       0x1c CMakeFiles/slave_mem_i2c.dir/Users/ohmpanchal/.pico-sdk/sdk/2.0.0/src/rp2_common/pico_runtime_init/runtime_init.c.obj
                0x10001538                runtime_init_install_ram_vector_table
 .text.runtime_init_clocks
                0x10001554       0xd8 CMakeFiles/slave_mem_i2c.dir/Users/ohmpanchal/.pico-sdk/sdk/2.0.0/src/rp2_common/pico_runtime_init/runtime_init_clocks.c.obj
                0x10001554                runtime_init_clocks
 .text          0x1000162c       0x10 CMakeFiles/slave_mem_i2c.dir/Users/ohmpanchal/.pico-sdk/sdk/2.0.0/src/rp2_common/pico_bit_ops/bit_ops_aeabi.S.obj
 .text.rom_func_lookup
                0x1000163c       0x10 CMakeFiles/slave_mem_i2c.dir/Users/ohmpanchal/.pico-sdk/sdk/2.0.0/src/rp2_common/pico_bootrom/bootrom.c.obj
                0x1000163c                rom_func_lookup
 .text.rom_data_lookup
                0x1000164c       0x10 CMakeFiles/slave_mem_i2c.dir/Users/ohmpanchal/.pico-sdk/sdk/2.0.0/src/rp2_common/pico_bootrom/bootrom.c.obj
                0x1000164c                rom_data_lookup
 .text.rom_funcs_lookup
                0x1000165c       0x44 CMakeFiles/slave_mem_i2c.dir/Users/ohmpanchal/.pico-sdk/sdk/2.0.0/src/rp2_common/pico_bootrom/bootrom.c.obj
                0x1000165c                rom_funcs_lookup
 .text.__wrap___aeabi_uidiv
                0x100016a0       0x4c CMakeFiles/slave_mem_i2c.dir/Users/ohmpanchal/.pico-sdk/sdk/2.0.0/src/rp2_common/pico_divider/divider_hardware.S.obj
                0x100016a0                __wrap___aeabi_uidiv
                0x100016a0                __wrap___aeabi_uidivmod
                0x100016a0                div_u32u32
                0x100016a0                divmod_u32u32
                0x100016a8                divmod_u32u32_unsafe
                0x100016d0                divmod_u32u32_savestate
 .text.__aeabi_double_init
                0x100016ec       0xa4 CMakeFiles/slave_mem_i2c.dir/Users/ohmpanchal/.pico-sdk/sdk/2.0.0/src/rp2_common/pico_double/double_init_rom_rp2040.c.obj
                0x100016ec                __aeabi_double_init
 .text.double_table_shim_on_use_helper
                0x10001790       0x2c CMakeFiles/slave_mem_i2c.dir/Users/ohmpanchal/.pico-sdk/sdk/2.0.0/src/rp2_common/pico_double/double_v1_rom_shim_rp2040.S.obj
                0x10001790                double_table_shim_on_use_helper
 .text.__aeabi_float_init
                0x100017bc       0x64 CMakeFiles/slave_mem_i2c.dir/Users/ohmpanchal/.pico-sdk/sdk/2.0.0/src/rp2_common/pico_float/float_init_rom_rp2040.c.obj
                0x100017bc                __aeabi_float_init
 .text.float_table_shim_on_use_helper
                0x10001820       0x2c CMakeFiles/slave_mem_i2c.dir/Users/ohmpanchal/.pico-sdk/sdk/2.0.0/src/rp2_common/pico_float/float_v1_rom_shim_rp2040.S.obj
                0x10001820                float_table_shim_on_use_helper
 .text          0x1000184c       0x10 CMakeFiles/slave_mem_i2c.dir/Users/ohmpanchal/.pico-sdk/sdk/2.0.0/src/rp2_common/pico_mem_ops/mem_ops_aeabi.S.obj
                0x1000184c                __aeabi_mem_init
 .text.memcpy   0x1000185c        0xc CMakeFiles/slave_mem_i2c.dir/Users/ohmpanchal/.pico-sdk/sdk/2.0.0/src/rp2_common/pico_mem_ops/mem_ops_aeabi.S.obj
                0x1000185c                __wrap___aeabi_memcpy
                0x1000185c                __wrap_memcpy
 .text._out_char
                0x10001868       0x10 CMakeFiles/slave_mem_i2c.dir/Users/ohmpanchal/.pico-sdk/sdk/2.0.0/src/rp2_common/pico_printf/printf.c.obj
 .text.weak_raw_vprintf
                0x10001878       0x30 CMakeFiles/slave_mem_i2c.dir/Users/ohmpanchal/.pico-sdk/sdk/2.0.0/src/rp2_common/pico_printf/printf.c.obj
                0x10001878                weak_raw_vprintf
 .text._exit    0x100018a8        0x4 CMakeFiles/slave_mem_i2c.dir/Users/ohmpanchal/.pico-sdk/sdk/2.0.0/src/rp2_common/pico_clib_interface/newlib_interface.c.obj
                0x100018a8                _exit
 .text.exit     0x100018ac        0x8 CMakeFiles/slave_mem_i2c.dir/Users/ohmpanchal/.pico-sdk/sdk/2.0.0/src/rp2_common/pico_clib_interface/newlib_interface.c.obj
                0x100018ac                exit
 .text.runtime_init
                0x100018b4       0x2c CMakeFiles/slave_mem_i2c.dir/Users/ohmpanchal/.pico-sdk/sdk/2.0.0/src/rp2_common/pico_clib_interface/newlib_interface.c.obj
                0x100018b4                runtime_init
 .text.stdio_out_chars_no_crlf
                0x100018e0       0x10 CMakeFiles/slave_mem_i2c.dir/Users/ohmpanchal/.pico-sdk/sdk/2.0.0/src/rp2_common/pico_stdio/stdio.c.obj
 .text.stdio_out_chars_crlf
                0x100018f0       0x94 CMakeFiles/slave_mem_i2c.dir/Users/ohmpanchal/.pico-sdk/sdk/2.0.0/src/rp2_common/pico_stdio/stdio.c.obj
 .text.stdio_put_string
                0x10001984      0x100 CMakeFiles/slave_mem_i2c.dir/Users/ohmpanchal/.pico-sdk/sdk/2.0.0/src/rp2_common/pico_stdio/stdio.c.obj
                0x10001984                stdio_put_string
 .text.stdio_set_driver_enabled
                0x10001a84       0x30 CMakeFiles/slave_mem_i2c.dir/Users/ohmpanchal/.pico-sdk/sdk/2.0.0/src/rp2_common/pico_stdio/stdio.c.obj
                0x10001a84                stdio_set_driver_enabled
 .text.stdio_init_all
                0x10001ab4        0xc CMakeFiles/slave_mem_i2c.dir/Users/ohmpanchal/.pico-sdk/sdk/2.0.0/src/rp2_common/pico_stdio/stdio.c.obj
                0x10001ab4                stdio_init_all
 .text.__wrap_putchar
                0x10001ac0       0x98 CMakeFiles/slave_mem_i2c.dir/Users/ohmpanchal/.pico-sdk/sdk/2.0.0/src/rp2_common/pico_stdio/stdio.c.obj
                0x10001ac0                stdio_putchar
                0x10001ac0                __wrap_putchar
 .text.__wrap_puts
                0x10001b58       0x3c CMakeFiles/slave_mem_i2c.dir/Users/ohmpanchal/.pico-sdk/sdk/2.0.0/src/rp2_common/pico_stdio/stdio.c.obj
                0x10001b58                __wrap_puts
                0x10001b58                stdio_puts
 .text.stdio_uart_out_chars
                0x10001b94       0x4c CMakeFiles/slave_mem_i2c.dir/Users/ohmpanchal/.pico-sdk/sdk/2.0.0/src/rp2_common/pico_stdio_uart/stdio_uart.c.obj
 .text.stdio_uart_in_chars
                0x10001be0       0x90 CMakeFiles/slave_mem_i2c.dir/Users/ohmpanchal/.pico-sdk/sdk/2.0.0/src/rp2_common/pico_stdio_uart/stdio_uart.c.obj
                0x10001be0                stdio_uart_in_chars
 .text.on_uart_rx
                0x10001c70       0x28 CMakeFiles/slave_mem_i2c.dir/Users/ohmpanchal/.pico-sdk/sdk/2.0.0/src/rp2_common/pico_stdio_uart/stdio_uart.c.obj
 .text.stdio_uart_out_flush
                0x10001c98       0x10 CMakeFiles/slave_mem_i2c.dir/Users/ohmpanchal/.pico-sdk/sdk/2.0.0/src/rp2_common/pico_stdio_uart/stdio_uart.c.obj
 .text.stdio_uart_set_chars_available_callback
                0x10001ca8       0x8c CMakeFiles/slave_mem_i2c.dir/Users/ohmpanchal/.pico-sdk/sdk/2.0.0/src/rp2_common/pico_stdio_uart/stdio_uart.c.obj
 .text.stdio_uart_init
                0x10001d34       0x50 CMakeFiles/slave_mem_i2c.dir/Users/ohmpanchal/.pico-sdk/sdk/2.0.0/src/rp2_common/pico_stdio_uart/stdio_uart.c.obj
                0x10001d34                stdio_uart_init
 .text.strlen   0x10001d84       0x5c /Users/ohmpanchal/.pico-sdk/toolchain/13_2_Rel1/bin/../lib/gcc/arm-none-eabi/13.2.1/../../../../arm-none-eabi/lib/thumb/v6-m/nofp/libg.a(libc_a-strlen-stub.o)
                0x10001d84                strlen
 *(.fini)
 .fini          0x10001de0        0x4 /Users/ohmpanchal/.pico-sdk/toolchain/13_2_Rel1/bin/../lib/gcc/arm-none-eabi/13.2.1/thumb/v6-m/nofp/crti.o
                0x10001de0                _fini
 *fill*         0x10001de4        0x4 
 .fini.__stub   0x10001de8       0x30 linker stubs
 *crtbegin.o(.ctors)
 *crtbegin?.o(.ctors)
 *(EXCLUDE_FILE(*crtend.o *crtend?.o) .ctors)
 *(SORT_BY_NAME(.ctors.*))
 *(.ctors)
 *crtbegin.o(.dtors)
 *crtbegin?.o(.dtors)
 *(EXCLUDE_FILE(*crtend.o *crtend?.o) .dtors)
 *(SORT_BY_NAME(.dtors.*))
 *(.dtors)
                0x10001e18                        . = ALIGN (0x4)
                0x10001e18                        PROVIDE (__preinit_array_start = .)
 *(SORT_BY_NAME(.preinit_array.*))
 .preinit_array.00100
                0x10001e18        0x4 CMakeFiles/slave_mem_i2c.dir/Users/ohmpanchal/.pico-sdk/sdk/2.0.0/src/rp2_common/pico_runtime_init/runtime_init.c.obj
                0x10001e18                __pre_init_runtime_init_early_resets
 .preinit_array.00101
                0x10001e1c        0x4 CMakeFiles/slave_mem_i2c.dir/Users/ohmpanchal/.pico-sdk/sdk/2.0.0/src/rp2_common/pico_runtime_init/runtime_init.c.obj
                0x10001e1c                __pre_init_runtime_init_usb_power_down
 .preinit_array.00275
                0x10001e20        0x4 CMakeFiles/slave_mem_i2c.dir/Users/ohmpanchal/.pico-sdk/sdk/2.0.0/src/rp2_common/pico_bit_ops/bit_ops_aeabi.S.obj
 .preinit_array.00300
                0x10001e24        0x4 CMakeFiles/slave_mem_i2c.dir/Users/ohmpanchal/.pico-sdk/sdk/2.0.0/src/rp2_common/pico_mem_ops/mem_ops_aeabi.S.obj
 .preinit_array.00350
                0x10001e28        0x4 CMakeFiles/slave_mem_i2c.dir/Users/ohmpanchal/.pico-sdk/sdk/2.0.0/src/rp2_common/pico_double/double_aeabi_rp2040.S.obj
 .preinit_array.00350
                0x10001e2c        0x4 CMakeFiles/slave_mem_i2c.dir/Users/ohmpanchal/.pico-sdk/sdk/2.0.0/src/rp2_common/pico_float/float_aeabi_rp2040.S.obj
 .preinit_array.00500
                0x10001e30        0x4 CMakeFiles/slave_mem_i2c.dir/Users/ohmpanchal/.pico-sdk/sdk/2.0.0/src/rp2_common/pico_runtime_init/runtime_init.c.obj
                0x10001e30                __pre_init_runtime_init_clocks
 .preinit_array.00600
                0x10001e34        0x4 CMakeFiles/slave_mem_i2c.dir/Users/ohmpanchal/.pico-sdk/sdk/2.0.0/src/rp2_common/pico_runtime_init/runtime_init.c.obj
                0x10001e34                __pre_init_runtime_init_post_clock_resets
 .preinit_array.00700
                0x10001e38        0x4 CMakeFiles/slave_mem_i2c.dir/Users/ohmpanchal/.pico-sdk/sdk/2.0.0/src/rp2_common/pico_runtime_init/runtime_init.c.obj
                0x10001e38                __pre_init_runtime_init_rp2040_gpio_ie_disable
 .preinit_array.01000
                0x10001e3c        0x4 CMakeFiles/slave_mem_i2c.dir/Users/ohmpanchal/.pico-sdk/sdk/2.0.0/src/rp2_common/pico_runtime_init/runtime_init.c.obj
                0x10001e3c                __pre_init_runtime_init_spin_locks_reset
 .preinit_array.01100
                0x10001e40        0x4 CMakeFiles/slave_mem_i2c.dir/Users/ohmpanchal/.pico-sdk/sdk/2.0.0/src/common/pico_sync/mutex.c.obj
                0x10001e40                __pre_init_runtime_init_mutex
 .preinit_array.10080
                0x10001e44        0x4 CMakeFiles/slave_mem_i2c.dir/Users/ohmpanchal/.pico-sdk/sdk/2.0.0/src/rp2_common/pico_runtime_init/runtime_init.c.obj
                0x10001e44                __pre_init_runtime_init_install_ram_vector_table
 .preinit_array.11000
                0x10001e48        0x4 CMakeFiles/slave_mem_i2c.dir/Users/ohmpanchal/.pico-sdk/sdk/2.0.0/src/common/pico_time/time.c.obj
                0x10001e48                __pre_init_runtime_init_default_alarm_pool
 .preinit_array.YYYYY
                0x10001e4c        0x4 CMakeFiles/slave_mem_i2c.dir/Users/ohmpanchal/.pico-sdk/sdk/2.0.0/src/rp2_common/pico_runtime/runtime.c.obj
                0x10001e4c                __pre_init_first_per_core_initializer
 .preinit_array.ZZZZZ.01200
                0x10001e50        0x4 CMakeFiles/slave_mem_i2c.dir/Users/ohmpanchal/.pico-sdk/sdk/2.0.0/src/rp2_common/hardware_irq/irq.c.obj
                0x10001e50                __pre_init_runtime_init_per_core_irq_priorities
 *(.preinit_array)
                0x10001e54                        PROVIDE (__preinit_array_end = .)
                0x10001e54                        . = ALIGN (0x4)
                0x10001e54                        PROVIDE (__init_array_start = .)
 *(SORT_BY_NAME(.init_array.*))
 *(.init_array)
 .init_array    0x10001e54        0x4 /Users/ohmpanchal/.pico-sdk/toolchain/13_2_Rel1/bin/../lib/gcc/arm-none-eabi/13.2.1/thumb/v6-m/nofp/crtbegin.o
                0x10001e58                        PROVIDE (__init_array_end = .)
                0x10001e58                        . = ALIGN (0x4)
                [!provide]                        PROVIDE (__fini_array_start = .)
 *(SORT_BY_NAME(.fini_array.*))
 *(.fini_array)
                [!provide]                        PROVIDE (__fini_array_end = .)
 *(.eh_frame*)
 .eh_frame      0x10001e58        0x0 /Users/ohmpanchal/.pico-sdk/toolchain/13_2_Rel1/bin/../lib/gcc/arm-none-eabi/13.2.1/thumb/v6-m/nofp/crtbegin.o
                0x10001e58                        . = ALIGN (0x4)

.glue_7         0x10001e58        0x0
 .glue_7        0x10001e58        0x0 linker stubs

.glue_7t        0x10001e58        0x0
 .glue_7t       0x10001e58        0x0 linker stubs

.vfp11_veneer   0x10001e58        0x0
 .vfp11_veneer  0x10001e58        0x0 linker stubs

.v4_bx          0x10001e58        0x0
 .v4_bx         0x10001e58        0x0 linker stubs

.iplt           0x10001e58        0x0
 .iplt          0x10001e58        0x0 /Users/ohmpanchal/.pico-sdk/toolchain/13_2_Rel1/bin/../lib/gcc/arm-none-eabi/13.2.1/thumb/v6-m/nofp/crtbegin.o

.rodata         0x10001e58      0x120
 *(EXCLUDE_FILE(*libm.a: *libc.a:*lib_a-mem*.o *libgcc.a:) .rodata*)
 .rodata.main.str1.4
                0x10001e58       0xb8 CMakeFiles/slave_mem_i2c.dir/slave_mem_i2c.c.obj
                                 0x13 (size before relaxing)
 .rodata.panic.str1.4
                0x10001f10       0x12 CMakeFiles/slave_mem_i2c.dir/Users/ohmpanchal/.pico-sdk/sdk/2.0.0/src/rp2_common/pico_platform_panic/panic.c.obj
 .rodata.timer_hardware_alarm_claim.str1.4
                0x10001f10       0x22 CMakeFiles/slave_mem_i2c.dir/Users/ohmpanchal/.pico-sdk/sdk/2.0.0/src/rp2_common/hardware_timer/timer.c.obj
 .rodata.hard_assertion_failure.str1.4
                0x10001f10        0xc CMakeFiles/slave_mem_i2c.dir/Users/ohmpanchal/.pico-sdk/sdk/2.0.0/src/rp2_common/pico_runtime/runtime.c.obj
 .rodata.str1.4
                0x10001f10       0x34 CMakeFiles/slave_mem_i2c.dir/Users/ohmpanchal/.pico-sdk/sdk/2.0.0/src/rp2_common/pico_standard_binary_info/standard_binary_info.c.obj
 .rodata.__bi_84
                0x10001f10        0xc CMakeFiles/slave_mem_i2c.dir/Users/ohmpanchal/.pico-sdk/sdk/2.0.0/src/rp2_common/pico_standard_binary_info/standard_binary_info.c.obj
 .rodata.__bi_54
                0x10001f1c        0xc CMakeFiles/slave_mem_i2c.dir/Users/ohmpanchal/.pico-sdk/sdk/2.0.0/src/rp2_common/pico_standard_binary_info/standard_binary_info.c.obj
 .rodata.__bi_48
                0x10001f28        0xc CMakeFiles/slave_mem_i2c.dir/Users/ohmpanchal/.pico-sdk/sdk/2.0.0/src/rp2_common/pico_standard_binary_info/standard_binary_info.c.obj
 .rodata.__bi_42
                0x10001f34        0xc CMakeFiles/slave_mem_i2c.dir/Users/ohmpanchal/.pico-sdk/sdk/2.0.0/src/rp2_common/pico_standard_binary_info/standard_binary_info.c.obj
 .rodata.__bi_34
                0x10001f40        0xc CMakeFiles/slave_mem_i2c.dir/Users/ohmpanchal/.pico-sdk/sdk/2.0.0/src/rp2_common/pico_standard_binary_info/standard_binary_info.c.obj
 .rodata.__bi_26
                0x10001f4c        0xc CMakeFiles/slave_mem_i2c.dir/Users/ohmpanchal/.pico-sdk/sdk/2.0.0/src/rp2_common/pico_standard_binary_info/standard_binary_info.c.obj
 .rodata.crlf_str.0
                0x10001f58        0x2 CMakeFiles/slave_mem_i2c.dir/Users/ohmpanchal/.pico-sdk/sdk/2.0.0/src/rp2_common/pico_stdio/stdio.c.obj
 .rodata.str1.4
                0x10001f5a       0x2c CMakeFiles/slave_mem_i2c.dir/Users/ohmpanchal/.pico-sdk/sdk/2.0.0/src/rp2_common/pico_stdio_uart/stdio_uart.c.obj
 *fill*         0x10001f5a        0x2 
 .rodata.__bi_45.4
                0x10001f5c        0xc CMakeFiles/slave_mem_i2c.dir/Users/ohmpanchal/.pico-sdk/sdk/2.0.0/src/rp2_common/pico_stdio_uart/stdio_uart.c.obj
 .rodata.__bi_49.5
                0x10001f68        0x8 CMakeFiles/slave_mem_i2c.dir/Users/ohmpanchal/.pico-sdk/sdk/2.0.0/src/rp2_common/pico_stdio_uart/stdio_uart.c.obj
 .rodata.__bi_50.6
                0x10001f70        0x8 CMakeFiles/slave_mem_i2c.dir/Users/ohmpanchal/.pico-sdk/sdk/2.0.0/src/rp2_common/pico_stdio_uart/stdio_uart.c.obj
                0x10001f78                        . = ALIGN (0x4)
 *(SORT_BY_ALIGNMENT(SORT_BY_NAME(.flashdata*)))
                0x10001f78                        . = ALIGN (0x4)

.ARM.extab
 *(.ARM.extab* .gnu.linkonce.armextab.*)
                0x10001f78                        __exidx_start = .

.ARM.exidx
 *(.ARM.exidx* .gnu.linkonce.armexidx.*)
                0x10001f78                        __exidx_end = .
                0x10001f78                        . = ALIGN (0x4)
                0x10001f78                        __binary_info_start = .

.binary_info    0x10001f78       0x24
 *(.binary_info.keep.*)
 .binary_info.keep.__bi_ptr84
                0x10001f78        0x4 CMakeFiles/slave_mem_i2c.dir/Users/ohmpanchal/.pico-sdk/sdk/2.0.0/src/rp2_common/pico_standard_binary_info/standard_binary_info.c.obj
 .binary_info.keep.__bi_ptr54
                0x10001f7c        0x4 CMakeFiles/slave_mem_i2c.dir/Users/ohmpanchal/.pico-sdk/sdk/2.0.0/src/rp2_common/pico_standard_binary_info/standard_binary_info.c.obj
 .binary_info.keep.__bi_ptr48
                0x10001f80        0x4 CMakeFiles/slave_mem_i2c.dir/Users/ohmpanchal/.pico-sdk/sdk/2.0.0/src/rp2_common/pico_standard_binary_info/standard_binary_info.c.obj
 .binary_info.keep.__bi_ptr42
                0x10001f84        0x4 CMakeFiles/slave_mem_i2c.dir/Users/ohmpanchal/.pico-sdk/sdk/2.0.0/src/rp2_common/pico_standard_binary_info/standard_binary_info.c.obj
 .binary_info.keep.__bi_ptr34
                0x10001f88        0x4 CMakeFiles/slave_mem_i2c.dir/Users/ohmpanchal/.pico-sdk/sdk/2.0.0/src/rp2_common/pico_standard_binary_info/standard_binary_info.c.obj
 .binary_info.keep.__bi_ptr26
                0x10001f8c        0x4 CMakeFiles/slave_mem_i2c.dir/Users/ohmpanchal/.pico-sdk/sdk/2.0.0/src/rp2_common/pico_standard_binary_info/standard_binary_info.c.obj
 *(.binary_info.*)
 .binary_info.__bi_ptr50
                0x10001f90        0x4 CMakeFiles/slave_mem_i2c.dir/Users/ohmpanchal/.pico-sdk/sdk/2.0.0/src/rp2_common/pico_stdio_uart/stdio_uart.c.obj
 .binary_info.__bi_ptr49
                0x10001f94        0x4 CMakeFiles/slave_mem_i2c.dir/Users/ohmpanchal/.pico-sdk/sdk/2.0.0/src/rp2_common/pico_stdio_uart/stdio_uart.c.obj
 .binary_info.__bi_ptr45
                0x10001f98        0x4 CMakeFiles/slave_mem_i2c.dir/Users/ohmpanchal/.pico-sdk/sdk/2.0.0/src/rp2_common/pico_stdio_uart/stdio_uart.c.obj
                0x10001f9c                        __binary_info_end = .

.rel.dyn        0x10001f9c        0x0
 .rel.iplt      0x10001f9c        0x0 /Users/ohmpanchal/.pico-sdk/toolchain/13_2_Rel1/bin/../lib/gcc/arm-none-eabi/13.2.1/thumb/v6-m/nofp/crtbegin.o
                0x10001f9c                        . = ALIGN (0x4)

.ram_vector_table
                0x20000000       0xc0
 *(.ram_vector_table)
 .ram_vector_table
                0x20000000       0xc0 CMakeFiles/slave_mem_i2c.dir/Users/ohmpanchal/.pico-sdk/sdk/2.0.0/src/rp2_common/pico_runtime_init/runtime_init.c.obj
                0x20000000                ram_vector_table

.uninitialized_data
                0x200000c0        0x0
                0x200000c0                        . = ALIGN (0x4)
 *(.uninitialized_data*)

.data           0x200000c0      0x240 load address 0x10001f9c
                0x200000c0                        __data_start__ = .
 *(vtable)
 *(.time_critical*)
 .time_critical.i2c_slave_irq_handler
                0x200000c0       0xa4 CMakeFiles/slave_mem_i2c.dir/Users/ohmpanchal/.pico-sdk/sdk/2.0.0/src/rp2_common/pico_i2c_slave/i2c_slave.c.obj
 .time_critical.mutex_try_enter_block_until
                0x20000164       0x9c CMakeFiles/slave_mem_i2c.dir/Users/ohmpanchal/.pico-sdk/sdk/2.0.0/src/common/pico_sync/mutex.c.obj
                0x20000164                mutex_try_enter_block_until
 .time_critical.mutex_exit
                0x20000200       0x28 CMakeFiles/slave_mem_i2c.dir/Users/ohmpanchal/.pico-sdk/sdk/2.0.0/src/common/pico_sync/mutex.c.obj
                0x20000200                mutex_exit
 *(.text*)
 .text          0x20000228        0x4 /Users/ohmpanchal/.pico-sdk/toolchain/13_2_Rel1/bin/../lib/gcc/arm-none-eabi/13.2.1/thumb/v6-m/nofp/libgcc.a(_dvmd_tls.o)
                0x20000228                __aeabi_ldiv0
                0x20000228                __aeabi_idiv0
 *fill*         0x2000022c        0x4 
 .text.__stub   0x20000230       0x10 linker stubs
                0x20000240                        . = ALIGN (0x4)
 *(.rodata*)
                0x20000240                        . = ALIGN (0x4)
 *(.data*)
 .data.i2c1_inst
                0x20000240        0x8 CMakeFiles/slave_mem_i2c.dir/Users/ohmpanchal/.pico-sdk/sdk/2.0.0/src/rp2_common/hardware_i2c/i2c.c.obj
                0x20000240                i2c1_inst
 .data.i2c0_inst
                0x20000248        0x8 CMakeFiles/slave_mem_i2c.dir/Users/ohmpanchal/.pico-sdk/sdk/2.0.0/src/rp2_common/hardware_i2c/i2c.c.obj
                0x20000248                i2c0_inst
 .data.striped_spin_lock_num
                0x20000250        0x1 CMakeFiles/slave_mem_i2c.dir/Users/ohmpanchal/.pico-sdk/sdk/2.0.0/src/rp2_common/hardware_sync/sync.c.obj
 *fill*         0x20000251        0x3 
 .data.default_alarm_pool
                0x20000254       0x18 CMakeFiles/slave_mem_i2c.dir/Users/ohmpanchal/.pico-sdk/sdk/2.0.0/src/common/pico_time/time.c.obj
 .data          0x2000026c       0x48 CMakeFiles/slave_mem_i2c.dir/Users/ohmpanchal/.pico-sdk/sdk/2.0.0/src/rp2_common/hardware_irq/irq_handler_chain.S.obj
                0x2000026c                irq_handler_chain_slots
                0x2000029c                irq_handler_chain_first_slot
                0x200002a6                irq_handler_chain_remove_tail
 *fill*         0x200002b4        0xc 
 .data.aeabi_bits_funcs
                0x200002c0       0x10 CMakeFiles/slave_mem_i2c.dir/Users/ohmpanchal/.pico-sdk/sdk/2.0.0/src/rp2_common/pico_bit_ops/bit_ops_aeabi.S.obj
                0x200002c0                aeabi_bits_funcs
                0x200002d0                aeabi_bits_funcs_end
 .data.aeabi_mem_funcs
                0x200002d0       0x10 CMakeFiles/slave_mem_i2c.dir/Users/ohmpanchal/.pico-sdk/sdk/2.0.0/src/rp2_common/pico_mem_ops/mem_ops_aeabi.S.obj
                0x200002d0                aeabi_mem_funcs
                0x200002e0                aeabi_mem_funcs_end
 .data.stdio_uart
                0x200002e0       0x18 CMakeFiles/slave_mem_i2c.dir/Users/ohmpanchal/.pico-sdk/sdk/2.0.0/src/rp2_common/pico_stdio_uart/stdio_uart.c.obj
                0x200002e0                stdio_uart
                0x200002f8                        . = ALIGN (0x4)
 *(.after_data.*)
                0x200002f8                        . = ALIGN (0x4)
                0x200002f8                        PROVIDE (__mutex_array_start = .)
 *(SORT_BY_NAME(.mutex_array.*))
 *(.mutex_array)
 .mutex_array   0x200002f8        0x8 CMakeFiles/slave_mem_i2c.dir/Users/ohmpanchal/.pico-sdk/sdk/2.0.0/src/rp2_common/pico_stdio/stdio.c.obj
                0x20000300                        PROVIDE (__mutex_array_end = .)
                0x20000300                        . = ALIGN (0x4)
 *(.jcr)
                0x20000300                        . = ALIGN (0x4)

.tm_clone_table
                0x20000300        0x0 load address 0x100021dc
 .tm_clone_table
                0x20000300        0x0 /Users/ohmpanchal/.pico-sdk/toolchain/13_2_Rel1/bin/../lib/gcc/arm-none-eabi/13.2.1/thumb/v6-m/nofp/crtbegin.o
 .tm_clone_table
                0x20000300        0x0 /Users/ohmpanchal/.pico-sdk/toolchain/13_2_Rel1/bin/../lib/gcc/arm-none-eabi/13.2.1/thumb/v6-m/nofp/crtend.o

.igot.plt       0x20000300        0x0 load address 0x100021dc
 .igot.plt      0x20000300        0x0 /Users/ohmpanchal/.pico-sdk/toolchain/13_2_Rel1/bin/../lib/gcc/arm-none-eabi/13.2.1/thumb/v6-m/nofp/crtbegin.o

.tdata          0x20000300        0x0 load address 0x100021dc
                0x20000300                        . = ALIGN (0x4)
 *(.tdata .tdata.* .gnu.linkonce.td.*)
                0x20000300                        __tdata_end = .
                0x20000300                        PROVIDE (__data_end__ = .)
                0x10001f9c                        __etext = LOADADDR (.data)

.tbss           0x20000300        0x0 load address 0x100021dc
                0x20000300                        . = ALIGN (0x4)
                0x20000300                        __bss_start__ = .
                0x20000300                        __tls_base = .
 *(.tbss .tbss.* .gnu.linkonce.tb.*)
 *(.tcommon)
                0x20000300                        __tls_end = .

.bss            0x20000300      0x40c load address 0x100021dc
                0x20000300                        . = ALIGN (0x4)
                0x20000300                        __tbss_end = .
 *(SORT_BY_ALIGNMENT(SORT_BY_NAME(.bss*)))
 .bss.default_alarm_pool_entries
                0x20000300      0x180 CMakeFiles/slave_mem_i2c.dir/Users/ohmpanchal/.pico-sdk/sdk/2.0.0/src/common/pico_time/time.c.obj
 .bss.sd_table  0x20000480      0x100 CMakeFiles/slave_mem_i2c.dir/Users/ohmpanchal/.pico-sdk/sdk/2.0.0/src/rp2_common/pico_double/double_init_rom_rp2040.c.obj
                0x20000480                sd_table
 .bss.sf_table  0x20000580      0x100 CMakeFiles/slave_mem_i2c.dir/Users/ohmpanchal/.pico-sdk/sdk/2.0.0/src/rp2_common/pico_float/float_init_rom_rp2040.c.obj
                0x20000580                sf_table
 .bss.chars_available_callback
                0x20000680        0x4 CMakeFiles/slave_mem_i2c.dir/Users/ohmpanchal/.pico-sdk/sdk/2.0.0/src/rp2_common/pico_stdio_uart/stdio_uart.c.obj
 .bss.chars_available_param
                0x20000684        0x4 CMakeFiles/slave_mem_i2c.dir/Users/ohmpanchal/.pico-sdk/sdk/2.0.0/src/rp2_common/pico_stdio_uart/stdio_uart.c.obj
 .bss.claimed   0x20000688        0x1 CMakeFiles/slave_mem_i2c.dir/Users/ohmpanchal/.pico-sdk/sdk/2.0.0/src/rp2_common/hardware_timer/timer.c.obj
 *fill*         0x20000689        0x3 
 .bss.configured_freq
                0x2000068c       0x28 CMakeFiles/slave_mem_i2c.dir/Users/ohmpanchal/.pico-sdk/sdk/2.0.0/src/rp2_common/hardware_clocks/clocks.c.obj
 .bss.drivers   0x200006b4        0x4 CMakeFiles/slave_mem_i2c.dir/Users/ohmpanchal/.pico-sdk/sdk/2.0.0/src/rp2_common/pico_stdio/stdio.c.obj
 .bss.filter    0x200006b8        0x4 CMakeFiles/slave_mem_i2c.dir/Users/ohmpanchal/.pico-sdk/sdk/2.0.0/src/rp2_common/pico_stdio/stdio.c.obj
 .bss.i2c_slaves
                0x200006bc       0x10 CMakeFiles/slave_mem_i2c.dir/Users/ohmpanchal/.pico-sdk/sdk/2.0.0/src/rp2_common/pico_i2c_slave/i2c_slave.c.obj
 .bss.lazy_vsnprintf
                0x200006cc        0x4 CMakeFiles/slave_mem_i2c.dir/Users/ohmpanchal/.pico-sdk/sdk/2.0.0/src/rp2_common/pico_printf/printf.c.obj
 .bss.object.0  0x200006d0       0x18 /Users/ohmpanchal/.pico-sdk/toolchain/13_2_Rel1/bin/../lib/gcc/arm-none-eabi/13.2.1/thumb/v6-m/nofp/crtbegin.o
 .bss.pools     0x200006e8       0x10 CMakeFiles/slave_mem_i2c.dir/Users/ohmpanchal/.pico-sdk/sdk/2.0.0/src/common/pico_time/time.c.obj
 .bss.sf_clz_func
                0x200006f8        0x4 CMakeFiles/slave_mem_i2c.dir/Users/ohmpanchal/.pico-sdk/sdk/2.0.0/src/rp2_common/pico_double/double_init_rom_rp2040.c.obj
                0x200006f8                sf_clz_func
 .bss.sleep_notifier
                0x200006fc        0x4 CMakeFiles/slave_mem_i2c.dir/Users/ohmpanchal/.pico-sdk/sdk/2.0.0/src/common/pico_time/time.c.obj
 .bss.uart_char_to_line_feed
                0x20000700        0x4 CMakeFiles/slave_mem_i2c.dir/Users/ohmpanchal/.pico-sdk/sdk/2.0.0/src/rp2_common/hardware_uart/uart.c.obj
                0x20000700                uart_char_to_line_feed
 .bss.uart_instance
                0x20000704        0x4 CMakeFiles/slave_mem_i2c.dir/Users/ohmpanchal/.pico-sdk/sdk/2.0.0/src/rp2_common/pico_stdio_uart/stdio_uart.c.obj
 .bss.irq_handler_chain_free_slot_head
                0x20000708        0x1 CMakeFiles/slave_mem_i2c.dir/Users/ohmpanchal/.pico-sdk/sdk/2.0.0/src/rp2_common/hardware_irq/irq.c.obj
 .bss.setup     0x20000709        0x1 CMakeFiles/slave_mem_i2c.dir/slave_mem_i2c.c.obj
                0x20000709                setup
 *(COMMON)
                0x2000070c                        . = ALIGN (0x4)
 *fill*         0x2000070a        0x2 
                0x2000070c                        __bss_end__ = .

.heap           0x2000070c    0x3f8f4 load address 0x100021dc
                0x2000070c                        __end__ = .
                0x2000070c                        end = __end__
 *(.heap*)
 .heap          0x2000070c      0x800 CMakeFiles/slave_mem_i2c.dir/Users/ohmpanchal/.pico-sdk/sdk/2.0.0/src/rp2_common/pico_crt0/crt0.S.obj
                0x20040000                        . = (ORIGIN (RAM) + LENGTH (RAM))
 *fill*         0x20000f0c    0x3f0f4 
                0x20040000                        __HeapLimit = .

.scratch_x      0x20040000        0x0 load address 0x100021dc
                0x20040000                        __scratch_x_start__ = .
 *(.scratch_x.*)
                0x20040000                        . = ALIGN (0x4)
                0x20040000                        __scratch_x_end__ = .
                0x100021dc                        __scratch_x_source__ = LOADADDR (.scratch_x)

.scratch_y      0x20041000        0x0 load address 0x100021dc
                0x20041000                        __scratch_y_start__ = .
 *(.scratch_y.*)
                0x20041000                        . = ALIGN (0x4)
                0x20041000                        __scratch_y_end__ = .
                0x100021dc                        __scratch_y_source__ = LOADADDR (.scratch_y)

.stack1_dummy
 *(.stack1*)

.stack_dummy    0x20041000      0x800
 *(.stack*)
 .stack         0x20041000      0x800 CMakeFiles/slave_mem_i2c.dir/Users/ohmpanchal/.pico-sdk/sdk/2.0.0/src/rp2_common/pico_crt0/crt0.S.obj

.flash_end      0x100021dc        0x0
 *(.embedded_end_block*)
                0x100021dc                        PROVIDE (__flash_binary_end = .)
                0x20040000                        __StackLimit = (ORIGIN (RAM) + LENGTH (RAM))
                0x20041000                        __StackOneTop = (ORIGIN (SCRATCH_X) + LENGTH (SCRATCH_X))
                0x20042000                        __StackTop = (ORIGIN (SCRATCH_Y) + LENGTH (SCRATCH_Y))
                0x20041000                        __StackOneBottom = (__StackOneTop - SIZEOF (.stack1_dummy))
                0x20041800                        __StackBottom = (__StackTop - SIZEOF (.stack_dummy))
                0x20042000                        PROVIDE (__stack = __StackTop)
                [!provide]                        PROVIDE (__heap_start = __end__)
                [!provide]                        PROVIDE (__heap_end = __HeapLimit)
                [!provide]                        PROVIDE (__tls_align = MAX (ALIGNOF (.tdata), ALIGNOF (.tbss)))
                [!provide]                        PROVIDE (__tls_size_align = (((__tls_size + __tls_align) - 0x1) & ~ ((__tls_align - 0x1))))
                [!provide]                        PROVIDE (__arm32_tls_tcb_offset = MAX (0x8, __tls_align))
                [!provide]                        PROVIDE (_end = __end__)
                [!provide]                        PROVIDE (__llvm_libc_heap_limit = __HeapLimit)
                0x00000001                        ASSERT ((__StackLimit >= __HeapLimit), region RAM overflowed)
                0x00000001                        ASSERT (((__binary_info_header_end - __logical_binary_start) <= 0x100), Binary info must be in first 256 bytes of the binary)
LOAD CMakeFiles/slave_mem_i2c.dir/slave_mem_i2c.c.obj
LOAD CMakeFiles/slave_mem_i2c.dir/Users/ohmpanchal/.pico-sdk/sdk/2.0.0/src/rp2_common/pico_i2c_slave/i2c_slave.c.obj
LOAD CMakeFiles/slave_mem_i2c.dir/Users/ohmpanchal/.pico-sdk/sdk/2.0.0/src/rp2_common/hardware_i2c/i2c.c.obj
LOAD CMakeFiles/slave_mem_i2c.dir/Users/ohmpanchal/.pico-sdk/sdk/2.0.0/src/rp2040/pico_platform/platform.c.obj
LOAD CMakeFiles/slave_mem_i2c.dir/Users/ohmpanchal/.pico-sdk/sdk/2.0.0/src/rp2_common/pico_platform_panic/panic.c.obj
LOAD CMakeFiles/slave_mem_i2c.dir/Users/ohmpanchal/.pico-sdk/sdk/2.0.0/src/common/hardware_claim/claim.c.obj
LOAD CMakeFiles/slave_mem_i2c.dir/Users/ohmpanchal/.pico-sdk/sdk/2.0.0/src/rp2_common/hardware_sync/sync.c.obj
LOAD CMakeFiles/slave_mem_i2c.dir/Users/ohmpanchal/.pico-sdk/sdk/2.0.0/src/rp2_common/hardware_sync_spin_lock/sync_spin_lock.c.obj
LOAD CMakeFiles/slave_mem_i2c.dir/Users/ohmpanchal/.pico-sdk/sdk/2.0.0/src/common/pico_time/time.c.obj
LOAD CMakeFiles/slave_mem_i2c.dir/Users/ohmpanchal/.pico-sdk/sdk/2.0.0/src/common/pico_time/timeout_helper.c.obj
LOAD CMakeFiles/slave_mem_i2c.dir/Users/ohmpanchal/.pico-sdk/sdk/2.0.0/src/rp2_common/hardware_timer/timer.c.obj
LOAD CMakeFiles/slave_mem_i2c.dir/Users/ohmpanchal/.pico-sdk/sdk/2.0.0/src/rp2_common/hardware_irq/irq.c.obj
LOAD CMakeFiles/slave_mem_i2c.dir/Users/ohmpanchal/.pico-sdk/sdk/2.0.0/src/rp2_common/hardware_irq/irq_handler_chain.S.obj
LOAD CMakeFiles/slave_mem_i2c.dir/Users/ohmpanchal/.pico-sdk/sdk/2.0.0/src/common/pico_sync/sem.c.obj
LOAD CMakeFiles/slave_mem_i2c.dir/Users/ohmpanchal/.pico-sdk/sdk/2.0.0/src/common/pico_sync/lock_core.c.obj
LOAD CMakeFiles/slave_mem_i2c.dir/Users/ohmpanchal/.pico-sdk/sdk/2.0.0/src/common/pico_sync/mutex.c.obj
LOAD CMakeFiles/slave_mem_i2c.dir/Users/ohmpanchal/.pico-sdk/sdk/2.0.0/src/common/pico_sync/critical_section.c.obj
LOAD CMakeFiles/slave_mem_i2c.dir/Users/ohmpanchal/.pico-sdk/sdk/2.0.0/src/common/pico_util/datetime.c.obj
LOAD CMakeFiles/slave_mem_i2c.dir/Users/ohmpanchal/.pico-sdk/sdk/2.0.0/src/common/pico_util/pheap.c.obj
LOAD CMakeFiles/slave_mem_i2c.dir/Users/ohmpanchal/.pico-sdk/sdk/2.0.0/src/common/pico_util/queue.c.obj
LOAD CMakeFiles/slave_mem_i2c.dir/Users/ohmpanchal/.pico-sdk/sdk/2.0.0/src/rp2_common/hardware_clocks/clocks.c.obj
LOAD CMakeFiles/slave_mem_i2c.dir/Users/ohmpanchal/.pico-sdk/sdk/2.0.0/src/rp2_common/hardware_gpio/gpio.c.obj
LOAD CMakeFiles/slave_mem_i2c.dir/Users/ohmpanchal/.pico-sdk/sdk/2.0.0/src/rp2_common/hardware_pll/pll.c.obj
LOAD CMakeFiles/slave_mem_i2c.dir/Users/ohmpanchal/.pico-sdk/sdk/2.0.0/src/rp2_common/hardware_vreg/vreg.c.obj
LOAD CMakeFiles/slave_mem_i2c.dir/Users/ohmpanchal/.pico-sdk/sdk/2.0.0/src/rp2_common/hardware_watchdog/watchdog.c.obj
LOAD CMakeFiles/slave_mem_i2c.dir/Users/ohmpanchal/.pico-sdk/sdk/2.0.0/src/rp2_common/hardware_ticks/ticks.c.obj
LOAD CMakeFiles/slave_mem_i2c.dir/Users/ohmpanchal/.pico-sdk/sdk/2.0.0/src/rp2_common/hardware_xosc/xosc.c.obj
LOAD CMakeFiles/slave_mem_i2c.dir/Users/ohmpanchal/.pico-sdk/sdk/2.0.0/src/rp2_common/hardware_adc/adc.c.obj
LOAD CMakeFiles/slave_mem_i2c.dir/Users/ohmpanchal/.pico-sdk/sdk/2.0.0/src/rp2_common/pico_stdlib/stdlib.c.obj
LOAD CMakeFiles/slave_mem_i2c.dir/Users/ohmpanchal/.pico-sdk/sdk/2.0.0/src/rp2_common/hardware_uart/uart.c.obj
LOAD CMakeFiles/slave_mem_i2c.dir/Users/ohmpanchal/.pico-sdk/sdk/2.0.0/src/rp2_common/hardware_divider/divider.S.obj
LOAD CMakeFiles/slave_mem_i2c.dir/Users/ohmpanchal/.pico-sdk/sdk/2.0.0/src/rp2_common/pico_runtime/runtime.c.obj
LOAD CMakeFiles/slave_mem_i2c.dir/Users/ohmpanchal/.pico-sdk/sdk/2.0.0/src/rp2_common/pico_runtime_init/runtime_init.c.obj
LOAD CMakeFiles/slave_mem_i2c.dir/Users/ohmpanchal/.pico-sdk/sdk/2.0.0/src/rp2_common/pico_runtime_init/runtime_init_clocks.c.obj
LOAD CMakeFiles/slave_mem_i2c.dir/Users/ohmpanchal/.pico-sdk/sdk/2.0.0/src/rp2_common/pico_runtime_init/runtime_init_stack_guard.c.obj
LOAD CMakeFiles/slave_mem_i2c.dir/Users/ohmpanchal/.pico-sdk/sdk/2.0.0/src/rp2_common/pico_bit_ops/bit_ops_aeabi.S.obj
LOAD CMakeFiles/slave_mem_i2c.dir/Users/ohmpanchal/.pico-sdk/sdk/2.0.0/src/rp2_common/pico_bootrom/bootrom.c.obj
LOAD CMakeFiles/slave_mem_i2c.dir/Users/ohmpanchal/.pico-sdk/sdk/2.0.0/src/rp2_common/pico_bootrom/bootrom_lock.c.obj
LOAD CMakeFiles/slave_mem_i2c.dir/Users/ohmpanchal/.pico-sdk/sdk/2.0.0/src/rp2_common/hardware_boot_lock/boot_lock.c.obj
LOAD CMakeFiles/slave_mem_i2c.dir/Users/ohmpanchal/.pico-sdk/sdk/2.0.0/src/rp2_common/pico_divider/divider_hardware.S.obj
LOAD CMakeFiles/slave_mem_i2c.dir/Users/ohmpanchal/.pico-sdk/sdk/2.0.0/src/rp2_common/pico_double/double_aeabi_rp2040.S.obj
LOAD CMakeFiles/slave_mem_i2c.dir/Users/ohmpanchal/.pico-sdk/sdk/2.0.0/src/rp2_common/pico_double/double_init_rom_rp2040.c.obj
LOAD CMakeFiles/slave_mem_i2c.dir/Users/ohmpanchal/.pico-sdk/sdk/2.0.0/src/rp2_common/pico_double/double_math.c.obj
LOAD CMakeFiles/slave_mem_i2c.dir/Users/ohmpanchal/.pico-sdk/sdk/2.0.0/src/rp2_common/pico_double/double_v1_rom_shim_rp2040.S.obj
LOAD CMakeFiles/slave_mem_i2c.dir/Users/ohmpanchal/.pico-sdk/sdk/2.0.0/src/rp2_common/pico_int64_ops/pico_int64_ops_aeabi.S.obj
LOAD CMakeFiles/slave_mem_i2c.dir/Users/ohmpanchal/.pico-sdk/sdk/2.0.0/src/rp2_common/pico_float/float_aeabi_rp2040.S.obj
LOAD CMakeFiles/slave_mem_i2c.dir/Users/ohmpanchal/.pico-sdk/sdk/2.0.0/src/rp2_common/pico_float/float_init_rom_rp2040.c.obj
LOAD CMakeFiles/slave_mem_i2c.dir/Users/ohmpanchal/.pico-sdk/sdk/2.0.0/src/rp2_common/pico_float/float_math.c.obj
LOAD CMakeFiles/slave_mem_i2c.dir/Users/ohmpanchal/.pico-sdk/sdk/2.0.0/src/rp2_common/pico_float/float_v1_rom_shim_rp2040.S.obj
LOAD CMakeFiles/slave_mem_i2c.dir/Users/ohmpanchal/.pico-sdk/sdk/2.0.0/src/rp2_common/pico_malloc/malloc.c.obj
LOAD CMakeFiles/slave_mem_i2c.dir/Users/ohmpanchal/.pico-sdk/sdk/2.0.0/src/rp2_common/pico_mem_ops/mem_ops_aeabi.S.obj
LOAD CMakeFiles/slave_mem_i2c.dir/Users/ohmpanchal/.pico-sdk/sdk/2.0.0/src/rp2_common/pico_atomic/atomic.c.obj
LOAD CMakeFiles/slave_mem_i2c.dir/Users/ohmpanchal/.pico-sdk/sdk/2.0.0/src/rp2_common/pico_cxx_options/new_delete.cpp.obj
LOAD CMakeFiles/slave_mem_i2c.dir/Users/ohmpanchal/.pico-sdk/sdk/2.0.0/src/rp2_common/pico_standard_binary_info/standard_binary_info.c.obj
LOAD CMakeFiles/slave_mem_i2c.dir/Users/ohmpanchal/.pico-sdk/sdk/2.0.0/src/rp2_common/pico_printf/printf.c.obj
LOAD CMakeFiles/slave_mem_i2c.dir/Users/ohmpanchal/.pico-sdk/sdk/2.0.0/src/rp2_common/pico_crt0/crt0.S.obj
LOAD CMakeFiles/slave_mem_i2c.dir/Users/ohmpanchal/.pico-sdk/sdk/2.0.0/src/rp2_common/pico_clib_interface/newlib_interface.c.obj
LOAD CMakeFiles/slave_mem_i2c.dir/Users/ohmpanchal/.pico-sdk/sdk/2.0.0/src/rp2_common/pico_stdio/stdio.c.obj
LOAD CMakeFiles/slave_mem_i2c.dir/Users/ohmpanchal/.pico-sdk/sdk/2.0.0/src/rp2_common/pico_stdio_uart/stdio_uart.c.obj
LOAD /var/folders/mt/h2tf1myj0_3443kvr0szzxt80000gn/T//ccUtaaD2.o
LOAD /Users/ohmpanchal/.pico-sdk/toolchain/13_2_Rel1/bin/../lib/gcc/arm-none-eabi/13.2.1/../../../../arm-none-eabi/lib/thumb/v6-m/nofp/libstdc++.a
LOAD /Users/ohmpanchal/.pico-sdk/toolchain/13_2_Rel1/bin/../lib/gcc/arm-none-eabi/13.2.1/../../../../arm-none-eabi/lib/thumb/v6-m/nofp/libm.a
START GROUP
LOAD /Users/ohmpanchal/.pico-sdk/toolchain/13_2_Rel1/bin/../lib/gcc/arm-none-eabi/13.2.1/thumb/v6-m/nofp/libgcc.a
LOAD /Users/ohmpanchal/.pico-sdk/toolchain/13_2_Rel1/bin/../lib/gcc/arm-none-eabi/13.2.1/../../../../arm-none-eabi/lib/thumb/v6-m/nofp/libg.a
LOAD /Users/ohmpanchal/.pico-sdk/toolchain/13_2_Rel1/bin/../lib/gcc/arm-none-eabi/13.2.1/../../../../arm-none-eabi/lib/thumb/v6-m/nofp/libc.a
END GROUP
START GROUP
LOAD /Users/ohmpanchal/.pico-sdk/toolchain/13_2_Rel1/bin/../lib/gcc/arm-none-eabi/13.2.1/thumb/v6-m/nofp/libgcc.a
LOAD /Users/ohmpanchal/.pico-sdk/toolchain/13_2_Rel1/bin/../lib/gcc/arm-none-eabi/13.2.1/../../../../arm-none-eabi/lib/thumb/v6-m/nofp/libc.a
LOAD /Users/ohmpanchal/.pico-sdk/toolchain/13_2_Rel1/bin/../lib/gcc/arm-none-eabi/13.2.1/../../../../arm-none-eabi/lib/thumb/v6-m/nofp/libnosys.a
END GROUP
LOAD /Users/ohmpanchal/.pico-sdk/toolchain/13_2_Rel1/bin/../lib/gcc/arm-none-eabi/13.2.1/thumb/v6-m/nofp/crtend.o
LOAD /Users/ohmpanchal/.pico-sdk/toolchain/13_2_Rel1/bin/../lib/gcc/arm-none-eabi/13.2.1/thumb/v6-m/nofp/crtn.o
OUTPUT(slave_mem_i2c.elf elf32-littlearm)
LOAD linker stubs

.ARM.attributes
                0x00000000       0x28
 .ARM.attributes
                0x00000000       0x1e /Users/ohmpanchal/.pico-sdk/toolchain/13_2_Rel1/bin/../lib/gcc/arm-none-eabi/13.2.1/thumb/v6-m/nofp/crti.o
 .ARM.attributes
                0x0000001e       0x2c /Users/ohmpanchal/.pico-sdk/toolchain/13_2_Rel1/bin/../lib/gcc/arm-none-eabi/13.2.1/thumb/v6-m/nofp/crtbegin.o
 .ARM.attributes
                0x0000004a       0x2c CMakeFiles/slave_mem_i2c.dir/slave_mem_i2c.c.obj
 .ARM.attributes
                0x00000076       0x2c CMakeFiles/slave_mem_i2c.dir/Users/ohmpanchal/.pico-sdk/sdk/2.0.0/src/rp2_common/pico_i2c_slave/i2c_slave.c.obj
 .ARM.attributes
                0x000000a2       0x2c CMakeFiles/slave_mem_i2c.dir/Users/ohmpanchal/.pico-sdk/sdk/2.0.0/src/rp2_common/hardware_i2c/i2c.c.obj
 .ARM.attributes
                0x000000ce       0x2c CMakeFiles/slave_mem_i2c.dir/Users/ohmpanchal/.pico-sdk/sdk/2.0.0/src/rp2_common/pico_platform_panic/panic.c.obj
 .ARM.attributes
                0x000000fa       0x2c CMakeFiles/slave_mem_i2c.dir/Users/ohmpanchal/.pico-sdk/sdk/2.0.0/src/common/hardware_claim/claim.c.obj
 .ARM.attributes
                0x00000126       0x2c CMakeFiles/slave_mem_i2c.dir/Users/ohmpanchal/.pico-sdk/sdk/2.0.0/src/rp2_common/hardware_sync/sync.c.obj
 .ARM.attributes
                0x00000152       0x2c CMakeFiles/slave_mem_i2c.dir/Users/ohmpanchal/.pico-sdk/sdk/2.0.0/src/rp2_common/hardware_sync_spin_lock/sync_spin_lock.c.obj
 .ARM.attributes
                0x0000017e       0x2c CMakeFiles/slave_mem_i2c.dir/Users/ohmpanchal/.pico-sdk/sdk/2.0.0/src/common/pico_time/time.c.obj
 .ARM.attributes
                0x000001aa       0x2c CMakeFiles/slave_mem_i2c.dir/Users/ohmpanchal/.pico-sdk/sdk/2.0.0/src/rp2_common/hardware_timer/timer.c.obj
 .ARM.attributes
                0x000001d6       0x2c CMakeFiles/slave_mem_i2c.dir/Users/ohmpanchal/.pico-sdk/sdk/2.0.0/src/rp2_common/hardware_irq/irq.c.obj
 .ARM.attributes
                0x00000202       0x22 CMakeFiles/slave_mem_i2c.dir/Users/ohmpanchal/.pico-sdk/sdk/2.0.0/src/rp2_common/hardware_irq/irq_handler_chain.S.obj
 .ARM.attributes
                0x00000224       0x2c CMakeFiles/slave_mem_i2c.dir/Users/ohmpanchal/.pico-sdk/sdk/2.0.0/src/common/pico_sync/lock_core.c.obj
 .ARM.attributes
                0x00000250       0x2c CMakeFiles/slave_mem_i2c.dir/Users/ohmpanchal/.pico-sdk/sdk/2.0.0/src/common/pico_sync/mutex.c.obj
 .ARM.attributes
                0x0000027c       0x2c CMakeFiles/slave_mem_i2c.dir/Users/ohmpanchal/.pico-sdk/sdk/2.0.0/src/rp2_common/hardware_clocks/clocks.c.obj
 .ARM.attributes
                0x000002a8       0x2c CMakeFiles/slave_mem_i2c.dir/Users/ohmpanchal/.pico-sdk/sdk/2.0.0/src/rp2_common/hardware_gpio/gpio.c.obj
 .ARM.attributes
                0x000002d4       0x2c CMakeFiles/slave_mem_i2c.dir/Users/ohmpanchal/.pico-sdk/sdk/2.0.0/src/rp2_common/hardware_pll/pll.c.obj
 .ARM.attributes
                0x00000300       0x2c CMakeFiles/slave_mem_i2c.dir/Users/ohmpanchal/.pico-sdk/sdk/2.0.0/src/rp2_common/hardware_ticks/ticks.c.obj
 .ARM.attributes
                0x0000032c       0x2c CMakeFiles/slave_mem_i2c.dir/Users/ohmpanchal/.pico-sdk/sdk/2.0.0/src/rp2_common/hardware_xosc/xosc.c.obj
 .ARM.attributes
                0x00000358       0x2c CMakeFiles/slave_mem_i2c.dir/Users/ohmpanchal/.pico-sdk/sdk/2.0.0/src/rp2_common/hardware_adc/adc.c.obj
 .ARM.attributes
                0x00000384       0x2c CMakeFiles/slave_mem_i2c.dir/Users/ohmpanchal/.pico-sdk/sdk/2.0.0/src/rp2_common/hardware_uart/uart.c.obj
 .ARM.attributes
                0x000003b0       0x2c CMakeFiles/slave_mem_i2c.dir/Users/ohmpanchal/.pico-sdk/sdk/2.0.0/src/rp2_common/pico_runtime/runtime.c.obj
 .ARM.attributes
                0x000003dc       0x2c CMakeFiles/slave_mem_i2c.dir/Users/ohmpanchal/.pico-sdk/sdk/2.0.0/src/rp2_common/pico_runtime_init/runtime_init.c.obj
 .ARM.attributes
                0x00000408       0x2c CMakeFiles/slave_mem_i2c.dir/Users/ohmpanchal/.pico-sdk/sdk/2.0.0/src/rp2_common/pico_runtime_init/runtime_init_clocks.c.obj
 .ARM.attributes
                0x00000434       0x22 CMakeFiles/slave_mem_i2c.dir/Users/ohmpanchal/.pico-sdk/sdk/2.0.0/src/rp2_common/pico_bit_ops/bit_ops_aeabi.S.obj
 .ARM.attributes
                0x00000456       0x2c CMakeFiles/slave_mem_i2c.dir/Users/ohmpanchal/.pico-sdk/sdk/2.0.0/src/rp2_common/pico_bootrom/bootrom.c.obj
 .ARM.attributes
                0x00000482       0x22 CMakeFiles/slave_mem_i2c.dir/Users/ohmpanchal/.pico-sdk/sdk/2.0.0/src/rp2_common/pico_divider/divider_hardware.S.obj
 .ARM.attributes
                0x000004a4       0x22 CMakeFiles/slave_mem_i2c.dir/Users/ohmpanchal/.pico-sdk/sdk/2.0.0/src/rp2_common/pico_double/double_aeabi_rp2040.S.obj
 .ARM.attributes
                0x000004c6       0x2c CMakeFiles/slave_mem_i2c.dir/Users/ohmpanchal/.pico-sdk/sdk/2.0.0/src/rp2_common/pico_double/double_init_rom_rp2040.c.obj
 .ARM.attributes
                0x000004f2       0x22 CMakeFiles/slave_mem_i2c.dir/Users/ohmpanchal/.pico-sdk/sdk/2.0.0/src/rp2_common/pico_double/double_v1_rom_shim_rp2040.S.obj
 .ARM.attributes
                0x00000514       0x22 CMakeFiles/slave_mem_i2c.dir/Users/ohmpanchal/.pico-sdk/sdk/2.0.0/src/rp2_common/pico_float/float_aeabi_rp2040.S.obj
 .ARM.attributes
                0x00000536       0x2c CMakeFiles/slave_mem_i2c.dir/Users/ohmpanchal/.pico-sdk/sdk/2.0.0/src/rp2_common/pico_float/float_init_rom_rp2040.c.obj
 .ARM.attributes
                0x00000562       0x22 CMakeFiles/slave_mem_i2c.dir/Users/ohmpanchal/.pico-sdk/sdk/2.0.0/src/rp2_common/pico_float/float_v1_rom_shim_rp2040.S.obj
 .ARM.attributes
                0x00000584       0x22 CMakeFiles/slave_mem_i2c.dir/Users/ohmpanchal/.pico-sdk/sdk/2.0.0/src/rp2_common/pico_mem_ops/mem_ops_aeabi.S.obj
 .ARM.attributes
                0x000005a6       0x2c CMakeFiles/slave_mem_i2c.dir/Users/ohmpanchal/.pico-sdk/sdk/2.0.0/src/rp2_common/pico_standard_binary_info/standard_binary_info.c.obj
 .ARM.attributes
                0x000005d2       0x2c CMakeFiles/slave_mem_i2c.dir/Users/ohmpanchal/.pico-sdk/sdk/2.0.0/src/rp2_common/pico_printf/printf.c.obj
 .ARM.attributes
                0x000005fe       0x22 CMakeFiles/slave_mem_i2c.dir/Users/ohmpanchal/.pico-sdk/sdk/2.0.0/src/rp2_common/pico_crt0/crt0.S.obj
 .ARM.attributes
                0x00000620       0x2c CMakeFiles/slave_mem_i2c.dir/Users/ohmpanchal/.pico-sdk/sdk/2.0.0/src/rp2_common/pico_clib_interface/newlib_interface.c.obj
 .ARM.attributes
                0x0000064c       0x2c CMakeFiles/slave_mem_i2c.dir/Users/ohmpanchal/.pico-sdk/sdk/2.0.0/src/rp2_common/pico_stdio/stdio.c.obj
 .ARM.attributes
                0x00000678       0x2c CMakeFiles/slave_mem_i2c.dir/Users/ohmpanchal/.pico-sdk/sdk/2.0.0/src/rp2_common/pico_stdio_uart/stdio_uart.c.obj
 .ARM.attributes
                0x000006a4       0x22 /var/folders/mt/h2tf1myj0_3443kvr0szzxt80000gn/T//ccUtaaD2.o
 .ARM.attributes
                0x000006c6       0x1e /Users/ohmpanchal/.pico-sdk/toolchain/13_2_Rel1/bin/../lib/gcc/arm-none-eabi/13.2.1/thumb/v6-m/nofp/libgcc.a(_dvmd_tls.o)
 .ARM.attributes
                0x000006e4       0x2c /Users/ohmpanchal/.pico-sdk/toolchain/13_2_Rel1/bin/../lib/gcc/arm-none-eabi/13.2.1/../../../../arm-none-eabi/lib/thumb/v6-m/nofp/libg.a(libc_a-strlen-stub.o)
 .ARM.attributes
                0x00000710       0x2c /Users/ohmpanchal/.pico-sdk/toolchain/13_2_Rel1/bin/../lib/gcc/arm-none-eabi/13.2.1/thumb/v6-m/nofp/crtend.o

.comment        0x00000000       0x44
 .comment       0x00000000       0x44 CMakeFiles/slave_mem_i2c.dir/slave_mem_i2c.c.obj
                                 0x45 (size before relaxing)
 .comment       0x00000044       0x45 CMakeFiles/slave_mem_i2c.dir/Users/ohmpanchal/.pico-sdk/sdk/2.0.0/src/rp2_common/pico_i2c_slave/i2c_slave.c.obj
 .comment       0x00000044       0x45 CMakeFiles/slave_mem_i2c.dir/Users/ohmpanchal/.pico-sdk/sdk/2.0.0/src/rp2_common/hardware_i2c/i2c.c.obj
 .comment       0x00000044       0x45 CMakeFiles/slave_mem_i2c.dir/Users/ohmpanchal/.pico-sdk/sdk/2.0.0/src/rp2_common/pico_platform_panic/panic.c.obj
 .comment       0x00000044       0x45 CMakeFiles/slave_mem_i2c.dir/Users/ohmpanchal/.pico-sdk/sdk/2.0.0/src/common/hardware_claim/claim.c.obj
 .comment       0x00000044       0x45 CMakeFiles/slave_mem_i2c.dir/Users/ohmpanchal/.pico-sdk/sdk/2.0.0/src/rp2_common/hardware_sync/sync.c.obj
 .comment       0x00000044       0x45 CMakeFiles/slave_mem_i2c.dir/Users/ohmpanchal/.pico-sdk/sdk/2.0.0/src/rp2_common/hardware_sync_spin_lock/sync_spin_lock.c.obj
 .comment       0x00000044       0x45 CMakeFiles/slave_mem_i2c.dir/Users/ohmpanchal/.pico-sdk/sdk/2.0.0/src/common/pico_time/time.c.obj
 .comment       0x00000044       0x45 CMakeFiles/slave_mem_i2c.dir/Users/ohmpanchal/.pico-sdk/sdk/2.0.0/src/rp2_common/hardware_timer/timer.c.obj
 .comment       0x00000044       0x45 CMakeFiles/slave_mem_i2c.dir/Users/ohmpanchal/.pico-sdk/sdk/2.0.0/src/rp2_common/hardware_irq/irq.c.obj
 .comment       0x00000044       0x45 CMakeFiles/slave_mem_i2c.dir/Users/ohmpanchal/.pico-sdk/sdk/2.0.0/src/common/pico_sync/lock_core.c.obj
 .comment       0x00000044       0x45 CMakeFiles/slave_mem_i2c.dir/Users/ohmpanchal/.pico-sdk/sdk/2.0.0/src/common/pico_sync/mutex.c.obj
 .comment       0x00000044       0x45 CMakeFiles/slave_mem_i2c.dir/Users/ohmpanchal/.pico-sdk/sdk/2.0.0/src/rp2_common/hardware_clocks/clocks.c.obj
 .comment       0x00000044       0x45 CMakeFiles/slave_mem_i2c.dir/Users/ohmpanchal/.pico-sdk/sdk/2.0.0/src/rp2_common/hardware_gpio/gpio.c.obj
 .comment       0x00000044       0x45 CMakeFiles/slave_mem_i2c.dir/Users/ohmpanchal/.pico-sdk/sdk/2.0.0/src/rp2_common/hardware_pll/pll.c.obj
 .comment       0x00000044       0x45 CMakeFiles/slave_mem_i2c.dir/Users/ohmpanchal/.pico-sdk/sdk/2.0.0/src/rp2_common/hardware_ticks/ticks.c.obj
 .comment       0x00000044       0x45 CMakeFiles/slave_mem_i2c.dir/Users/ohmpanchal/.pico-sdk/sdk/2.0.0/src/rp2_common/hardware_xosc/xosc.c.obj
 .comment       0x00000044       0x45 CMakeFiles/slave_mem_i2c.dir/Users/ohmpanchal/.pico-sdk/sdk/2.0.0/src/rp2_common/hardware_adc/adc.c.obj
 .comment       0x00000044       0x45 CMakeFiles/slave_mem_i2c.dir/Users/ohmpanchal/.pico-sdk/sdk/2.0.0/src/rp2_common/hardware_uart/uart.c.obj
 .comment       0x00000044       0x45 CMakeFiles/slave_mem_i2c.dir/Users/ohmpanchal/.pico-sdk/sdk/2.0.0/src/rp2_common/pico_runtime/runtime.c.obj
 .comment       0x00000044       0x45 CMakeFiles/slave_mem_i2c.dir/Users/ohmpanchal/.pico-sdk/sdk/2.0.0/src/rp2_common/pico_runtime_init/runtime_init.c.obj
 .comment       0x00000044       0x45 CMakeFiles/slave_mem_i2c.dir/Users/ohmpanchal/.pico-sdk/sdk/2.0.0/src/rp2_common/pico_runtime_init/runtime_init_clocks.c.obj
 .comment       0x00000044       0x45 CMakeFiles/slave_mem_i2c.dir/Users/ohmpanchal/.pico-sdk/sdk/2.0.0/src/rp2_common/pico_bootrom/bootrom.c.obj
 .comment       0x00000044       0x45 CMakeFiles/slave_mem_i2c.dir/Users/ohmpanchal/.pico-sdk/sdk/2.0.0/src/rp2_common/pico_double/double_init_rom_rp2040.c.obj
 .comment       0x00000044       0x45 CMakeFiles/slave_mem_i2c.dir/Users/ohmpanchal/.pico-sdk/sdk/2.0.0/src/rp2_common/pico_float/float_init_rom_rp2040.c.obj
 .comment       0x00000044       0x45 CMakeFiles/slave_mem_i2c.dir/Users/ohmpanchal/.pico-sdk/sdk/2.0.0/src/rp2_common/pico_standard_binary_info/standard_binary_info.c.obj
 .comment       0x00000044       0x45 CMakeFiles/slave_mem_i2c.dir/Users/ohmpanchal/.pico-sdk/sdk/2.0.0/src/rp2_common/pico_printf/printf.c.obj
 .comment       0x00000044       0x45 CMakeFiles/slave_mem_i2c.dir/Users/ohmpanchal/.pico-sdk/sdk/2.0.0/src/rp2_common/pico_clib_interface/newlib_interface.c.obj
 .comment       0x00000044       0x45 CMakeFiles/slave_mem_i2c.dir/Users/ohmpanchal/.pico-sdk/sdk/2.0.0/src/rp2_common/pico_stdio/stdio.c.obj
 .comment       0x00000044       0x45 CMakeFiles/slave_mem_i2c.dir/Users/ohmpanchal/.pico-sdk/sdk/2.0.0/src/rp2_common/pico_stdio_uart/stdio_uart.c.obj

.debug_info     0x00000000    0x1f942
 .debug_info    0x00000000     0x11e6 CMakeFiles/slave_mem_i2c.dir/slave_mem_i2c.c.obj
 .debug_info    0x000011e6      0xa73 CMakeFiles/slave_mem_i2c.dir/Users/ohmpanchal/.pico-sdk/sdk/2.0.0/src/rp2_common/pico_i2c_slave/i2c_slave.c.obj
 .debug_info    0x00001c59     0x1ab5 CMakeFiles/slave_mem_i2c.dir/Users/ohmpanchal/.pico-sdk/sdk/2.0.0/src/rp2_common/hardware_i2c/i2c.c.obj
 .debug_info    0x0000370e      0x1bf CMakeFiles/slave_mem_i2c.dir/Users/ohmpanchal/.pico-sdk/sdk/2.0.0/src/rp2_common/pico_platform_panic/panic.c.obj
 .debug_info    0x000038cd      0x995 CMakeFiles/slave_mem_i2c.dir/Users/ohmpanchal/.pico-sdk/sdk/2.0.0/src/common/hardware_claim/claim.c.obj
 .debug_info    0x00004262      0x458 CMakeFiles/slave_mem_i2c.dir/Users/ohmpanchal/.pico-sdk/sdk/2.0.0/src/rp2_common/hardware_sync/sync.c.obj
 .debug_info    0x000046ba      0x245 CMakeFiles/slave_mem_i2c.dir/Users/ohmpanchal/.pico-sdk/sdk/2.0.0/src/rp2_common/hardware_sync_spin_lock/sync_spin_lock.c.obj
 .debug_info    0x000048ff     0x495a CMakeFiles/slave_mem_i2c.dir/Users/ohmpanchal/.pico-sdk/sdk/2.0.0/src/common/pico_time/time.c.obj
 .debug_info    0x00009259     0x2af8 CMakeFiles/slave_mem_i2c.dir/Users/ohmpanchal/.pico-sdk/sdk/2.0.0/src/rp2_common/hardware_timer/timer.c.obj
 .debug_info    0x0000bd51     0x21a8 CMakeFiles/slave_mem_i2c.dir/Users/ohmpanchal/.pico-sdk/sdk/2.0.0/src/rp2_common/hardware_irq/irq.c.obj
 .debug_info    0x0000def9      0x15f CMakeFiles/slave_mem_i2c.dir/Users/ohmpanchal/.pico-sdk/sdk/2.0.0/src/common/pico_sync/lock_core.c.obj
 .debug_info    0x0000e058     0x2803 CMakeFiles/slave_mem_i2c.dir/Users/ohmpanchal/.pico-sdk/sdk/2.0.0/src/common/pico_sync/mutex.c.obj
 .debug_info    0x0001085b     0x291d CMakeFiles/slave_mem_i2c.dir/Users/ohmpanchal/.pico-sdk/sdk/2.0.0/src/rp2_common/hardware_clocks/clocks.c.obj
 .debug_info    0x00013178     0x2437 CMakeFiles/slave_mem_i2c.dir/Users/ohmpanchal/.pico-sdk/sdk/2.0.0/src/rp2_common/hardware_gpio/gpio.c.obj
 .debug_info    0x000155af      0x4e5 CMakeFiles/slave_mem_i2c.dir/Users/ohmpanchal/.pico-sdk/sdk/2.0.0/src/rp2_common/hardware_pll/pll.c.obj
 .debug_info    0x00015a94      0x248 CMakeFiles/slave_mem_i2c.dir/Users/ohmpanchal/.pico-sdk/sdk/2.0.0/src/rp2_common/hardware_ticks/ticks.c.obj
 .debug_info    0x00015cdc      0x1cc CMakeFiles/slave_mem_i2c.dir/Users/ohmpanchal/.pico-sdk/sdk/2.0.0/src/rp2_common/hardware_xosc/xosc.c.obj
 .debug_info    0x00015ea8      0x3fc CMakeFiles/slave_mem_i2c.dir/Users/ohmpanchal/.pico-sdk/sdk/2.0.0/src/rp2_common/hardware_adc/adc.c.obj
 .debug_info    0x000162a4     0x195f CMakeFiles/slave_mem_i2c.dir/Users/ohmpanchal/.pico-sdk/sdk/2.0.0/src/rp2_common/hardware_uart/uart.c.obj
 .debug_info    0x00017c03      0x21a CMakeFiles/slave_mem_i2c.dir/Users/ohmpanchal/.pico-sdk/sdk/2.0.0/src/rp2_common/pico_runtime/runtime.c.obj
 .debug_info    0x00017e1d      0x795 CMakeFiles/slave_mem_i2c.dir/Users/ohmpanchal/.pico-sdk/sdk/2.0.0/src/rp2_common/pico_runtime_init/runtime_init.c.obj
 .debug_info    0x000185b2      0x780 CMakeFiles/slave_mem_i2c.dir/Users/ohmpanchal/.pico-sdk/sdk/2.0.0/src/rp2_common/pico_runtime_init/runtime_init_clocks.c.obj
 .debug_info    0x00018d32       0x23 CMakeFiles/slave_mem_i2c.dir/Users/ohmpanchal/.pico-sdk/sdk/2.0.0/src/rp2_common/pico_bit_ops/bit_ops_aeabi.S.obj
 .debug_info    0x00018d55      0x50f CMakeFiles/slave_mem_i2c.dir/Users/ohmpanchal/.pico-sdk/sdk/2.0.0/src/rp2_common/pico_bootrom/bootrom.c.obj
 .debug_info    0x00019264       0x23 CMakeFiles/slave_mem_i2c.dir/Users/ohmpanchal/.pico-sdk/sdk/2.0.0/src/rp2_common/pico_divider/divider_hardware.S.obj
 .debug_info    0x00019287       0x23 CMakeFiles/slave_mem_i2c.dir/Users/ohmpanchal/.pico-sdk/sdk/2.0.0/src/rp2_common/pico_double/double_aeabi_rp2040.S.obj
 .debug_info    0x000192aa      0x283 CMakeFiles/slave_mem_i2c.dir/Users/ohmpanchal/.pico-sdk/sdk/2.0.0/src/rp2_common/pico_double/double_init_rom_rp2040.c.obj
 .debug_info    0x0001952d       0x23 CMakeFiles/slave_mem_i2c.dir/Users/ohmpanchal/.pico-sdk/sdk/2.0.0/src/rp2_common/pico_double/double_v1_rom_shim_rp2040.S.obj
 .debug_info    0x00019550       0x23 CMakeFiles/slave_mem_i2c.dir/Users/ohmpanchal/.pico-sdk/sdk/2.0.0/src/rp2_common/pico_float/float_aeabi_rp2040.S.obj
 .debug_info    0x00019573      0x283 CMakeFiles/slave_mem_i2c.dir/Users/ohmpanchal/.pico-sdk/sdk/2.0.0/src/rp2_common/pico_float/float_init_rom_rp2040.c.obj
 .debug_info    0x000197f6       0x23 CMakeFiles/slave_mem_i2c.dir/Users/ohmpanchal/.pico-sdk/sdk/2.0.0/src/rp2_common/pico_float/float_v1_rom_shim_rp2040.S.obj
 .debug_info    0x00019819       0x23 CMakeFiles/slave_mem_i2c.dir/Users/ohmpanchal/.pico-sdk/sdk/2.0.0/src/rp2_common/pico_mem_ops/mem_ops_aeabi.S.obj
 .debug_info    0x0001983c      0x28e CMakeFiles/slave_mem_i2c.dir/Users/ohmpanchal/.pico-sdk/sdk/2.0.0/src/rp2_common/pico_standard_binary_info/standard_binary_info.c.obj
 .debug_info    0x00019aca     0x211a CMakeFiles/slave_mem_i2c.dir/Users/ohmpanchal/.pico-sdk/sdk/2.0.0/src/rp2_common/pico_printf/printf.c.obj
 .debug_info    0x0001bbe4       0x23 CMakeFiles/slave_mem_i2c.dir/Users/ohmpanchal/.pico-sdk/sdk/2.0.0/src/rp2_common/pico_crt0/crt0.S.obj
 .debug_info    0x0001bc07      0xb54 CMakeFiles/slave_mem_i2c.dir/Users/ohmpanchal/.pico-sdk/sdk/2.0.0/src/rp2_common/pico_clib_interface/newlib_interface.c.obj
 .debug_info    0x0001c75b     0x1cdd CMakeFiles/slave_mem_i2c.dir/Users/ohmpanchal/.pico-sdk/sdk/2.0.0/src/rp2_common/pico_stdio/stdio.c.obj
 .debug_info    0x0001e438     0x150a CMakeFiles/slave_mem_i2c.dir/Users/ohmpanchal/.pico-sdk/sdk/2.0.0/src/rp2_common/pico_stdio_uart/stdio_uart.c.obj

.debug_abbrev   0x00000000     0x5c1e
 .debug_abbrev  0x00000000      0x419 CMakeFiles/slave_mem_i2c.dir/slave_mem_i2c.c.obj
 .debug_abbrev  0x00000419      0x2a4 CMakeFiles/slave_mem_i2c.dir/Users/ohmpanchal/.pico-sdk/sdk/2.0.0/src/rp2_common/pico_i2c_slave/i2c_slave.c.obj
 .debug_abbrev  0x000006bd      0x456 CMakeFiles/slave_mem_i2c.dir/Users/ohmpanchal/.pico-sdk/sdk/2.0.0/src/rp2_common/hardware_i2c/i2c.c.obj
 .debug_abbrev  0x00000b13      0x12b CMakeFiles/slave_mem_i2c.dir/Users/ohmpanchal/.pico-sdk/sdk/2.0.0/src/rp2_common/pico_platform_panic/panic.c.obj
 .debug_abbrev  0x00000c3e      0x33b CMakeFiles/slave_mem_i2c.dir/Users/ohmpanchal/.pico-sdk/sdk/2.0.0/src/common/hardware_claim/claim.c.obj
 .debug_abbrev  0x00000f79      0x20d CMakeFiles/slave_mem_i2c.dir/Users/ohmpanchal/.pico-sdk/sdk/2.0.0/src/rp2_common/hardware_sync/sync.c.obj
 .debug_abbrev  0x00001186      0x1bb CMakeFiles/slave_mem_i2c.dir/Users/ohmpanchal/.pico-sdk/sdk/2.0.0/src/rp2_common/hardware_sync_spin_lock/sync_spin_lock.c.obj
 .debug_abbrev  0x00001341      0x672 CMakeFiles/slave_mem_i2c.dir/Users/ohmpanchal/.pico-sdk/sdk/2.0.0/src/common/pico_time/time.c.obj
 .debug_abbrev  0x000019b3      0x503 CMakeFiles/slave_mem_i2c.dir/Users/ohmpanchal/.pico-sdk/sdk/2.0.0/src/rp2_common/hardware_timer/timer.c.obj
 .debug_abbrev  0x00001eb6      0x5ff CMakeFiles/slave_mem_i2c.dir/Users/ohmpanchal/.pico-sdk/sdk/2.0.0/src/rp2_common/hardware_irq/irq.c.obj
 .debug_abbrev  0x000024b5       0xee CMakeFiles/slave_mem_i2c.dir/Users/ohmpanchal/.pico-sdk/sdk/2.0.0/src/common/pico_sync/lock_core.c.obj
 .debug_abbrev  0x000025a3      0x48c CMakeFiles/slave_mem_i2c.dir/Users/ohmpanchal/.pico-sdk/sdk/2.0.0/src/common/pico_sync/mutex.c.obj
 .debug_abbrev  0x00002a2f      0x4e2 CMakeFiles/slave_mem_i2c.dir/Users/ohmpanchal/.pico-sdk/sdk/2.0.0/src/rp2_common/hardware_clocks/clocks.c.obj
 .debug_abbrev  0x00002f11      0x4f9 CMakeFiles/slave_mem_i2c.dir/Users/ohmpanchal/.pico-sdk/sdk/2.0.0/src/rp2_common/hardware_gpio/gpio.c.obj
 .debug_abbrev  0x0000340a      0x1d2 CMakeFiles/slave_mem_i2c.dir/Users/ohmpanchal/.pico-sdk/sdk/2.0.0/src/rp2_common/hardware_pll/pll.c.obj
 .debug_abbrev  0x000035dc      0x145 CMakeFiles/slave_mem_i2c.dir/Users/ohmpanchal/.pico-sdk/sdk/2.0.0/src/rp2_common/hardware_ticks/ticks.c.obj
 .debug_abbrev  0x00003721      0x11b CMakeFiles/slave_mem_i2c.dir/Users/ohmpanchal/.pico-sdk/sdk/2.0.0/src/rp2_common/hardware_xosc/xosc.c.obj
 .debug_abbrev  0x0000383c      0x142 CMakeFiles/slave_mem_i2c.dir/Users/ohmpanchal/.pico-sdk/sdk/2.0.0/src/rp2_common/hardware_adc/adc.c.obj
 .debug_abbrev  0x0000397e      0x365 CMakeFiles/slave_mem_i2c.dir/Users/ohmpanchal/.pico-sdk/sdk/2.0.0/src/rp2_common/hardware_uart/uart.c.obj
 .debug_abbrev  0x00003ce3      0x182 CMakeFiles/slave_mem_i2c.dir/Users/ohmpanchal/.pico-sdk/sdk/2.0.0/src/rp2_common/pico_runtime/runtime.c.obj
 .debug_abbrev  0x00003e65      0x222 CMakeFiles/slave_mem_i2c.dir/Users/ohmpanchal/.pico-sdk/sdk/2.0.0/src/rp2_common/pico_runtime_init/runtime_init.c.obj
 .debug_abbrev  0x00004087      0x294 CMakeFiles/slave_mem_i2c.dir/Users/ohmpanchal/.pico-sdk/sdk/2.0.0/src/rp2_common/pico_runtime_init/runtime_init_clocks.c.obj
 .debug_abbrev  0x0000431b       0x12 CMakeFiles/slave_mem_i2c.dir/Users/ohmpanchal/.pico-sdk/sdk/2.0.0/src/rp2_common/pico_bit_ops/bit_ops_aeabi.S.obj
 .debug_abbrev  0x0000432d      0x1b9 CMakeFiles/slave_mem_i2c.dir/Users/ohmpanchal/.pico-sdk/sdk/2.0.0/src/rp2_common/pico_bootrom/bootrom.c.obj
 .debug_abbrev  0x000044e6       0x12 CMakeFiles/slave_mem_i2c.dir/Users/ohmpanchal/.pico-sdk/sdk/2.0.0/src/rp2_common/pico_divider/divider_hardware.S.obj
 .debug_abbrev  0x000044f8       0x12 CMakeFiles/slave_mem_i2c.dir/Users/ohmpanchal/.pico-sdk/sdk/2.0.0/src/rp2_common/pico_double/double_aeabi_rp2040.S.obj
 .debug_abbrev  0x0000450a      0x17a CMakeFiles/slave_mem_i2c.dir/Users/ohmpanchal/.pico-sdk/sdk/2.0.0/src/rp2_common/pico_double/double_init_rom_rp2040.c.obj
 .debug_abbrev  0x00004684       0x12 CMakeFiles/slave_mem_i2c.dir/Users/ohmpanchal/.pico-sdk/sdk/2.0.0/src/rp2_common/pico_double/double_v1_rom_shim_rp2040.S.obj
 .debug_abbrev  0x00004696       0x12 CMakeFiles/slave_mem_i2c.dir/Users/ohmpanchal/.pico-sdk/sdk/2.0.0/src/rp2_common/pico_float/float_aeabi_rp2040.S.obj
 .debug_abbrev  0x000046a8      0x173 CMakeFiles/slave_mem_i2c.dir/Users/ohmpanchal/.pico-sdk/sdk/2.0.0/src/rp2_common/pico_float/float_init_rom_rp2040.c.obj
 .debug_abbrev  0x0000481b       0x12 CMakeFiles/slave_mem_i2c.dir/Users/ohmpanchal/.pico-sdk/sdk/2.0.0/src/rp2_common/pico_float/float_v1_rom_shim_rp2040.S.obj
 .debug_abbrev  0x0000482d       0x12 CMakeFiles/slave_mem_i2c.dir/Users/ohmpanchal/.pico-sdk/sdk/2.0.0/src/rp2_common/pico_mem_ops/mem_ops_aeabi.S.obj
 .debug_abbrev  0x0000483f       0xb8 CMakeFiles/slave_mem_i2c.dir/Users/ohmpanchal/.pico-sdk/sdk/2.0.0/src/rp2_common/pico_standard_binary_info/standard_binary_info.c.obj
 .debug_abbrev  0x000048f7      0x525 CMakeFiles/slave_mem_i2c.dir/Users/ohmpanchal/.pico-sdk/sdk/2.0.0/src/rp2_common/pico_printf/printf.c.obj
 .debug_abbrev  0x00004e1c       0x12 CMakeFiles/slave_mem_i2c.dir/Users/ohmpanchal/.pico-sdk/sdk/2.0.0/src/rp2_common/pico_crt0/crt0.S.obj
 .debug_abbrev  0x00004e2e      0x352 CMakeFiles/slave_mem_i2c.dir/Users/ohmpanchal/.pico-sdk/sdk/2.0.0/src/rp2_common/pico_clib_interface/newlib_interface.c.obj
 .debug_abbrev  0x00005180      0x5eb CMakeFiles/slave_mem_i2c.dir/Users/ohmpanchal/.pico-sdk/sdk/2.0.0/src/rp2_common/pico_stdio/stdio.c.obj
 .debug_abbrev  0x0000576b      0x4b3 CMakeFiles/slave_mem_i2c.dir/Users/ohmpanchal/.pico-sdk/sdk/2.0.0/src/rp2_common/pico_stdio_uart/stdio_uart.c.obj

.debug_loclists
                0x00000000    0x119cb
 .debug_loclists
                0x00000000      0x1e7 CMakeFiles/slave_mem_i2c.dir/slave_mem_i2c.c.obj
 .debug_loclists
                0x000001e7      0x267 CMakeFiles/slave_mem_i2c.dir/Users/ohmpanchal/.pico-sdk/sdk/2.0.0/src/rp2_common/pico_i2c_slave/i2c_slave.c.obj
 .debug_loclists
                0x0000044e     0x13cc CMakeFiles/slave_mem_i2c.dir/Users/ohmpanchal/.pico-sdk/sdk/2.0.0/src/rp2_common/hardware_i2c/i2c.c.obj
 .debug_loclists
                0x0000181a      0x36e CMakeFiles/slave_mem_i2c.dir/Users/ohmpanchal/.pico-sdk/sdk/2.0.0/src/common/hardware_claim/claim.c.obj
 .debug_loclists
                0x00001b88       0xf1 CMakeFiles/slave_mem_i2c.dir/Users/ohmpanchal/.pico-sdk/sdk/2.0.0/src/rp2_common/hardware_sync/sync.c.obj
 .debug_loclists
                0x00001c79       0x7d CMakeFiles/slave_mem_i2c.dir/Users/ohmpanchal/.pico-sdk/sdk/2.0.0/src/rp2_common/hardware_sync_spin_lock/sync_spin_lock.c.obj
 .debug_loclists
                0x00001cf6     0x259c CMakeFiles/slave_mem_i2c.dir/Users/ohmpanchal/.pico-sdk/sdk/2.0.0/src/common/pico_time/time.c.obj
 .debug_loclists
                0x00004292     0x19ea CMakeFiles/slave_mem_i2c.dir/Users/ohmpanchal/.pico-sdk/sdk/2.0.0/src/rp2_common/hardware_timer/timer.c.obj
 .debug_loclists
                0x00005c7c     0x116f CMakeFiles/slave_mem_i2c.dir/Users/ohmpanchal/.pico-sdk/sdk/2.0.0/src/rp2_common/hardware_irq/irq.c.obj
 .debug_loclists
                0x00006deb       0x41 CMakeFiles/slave_mem_i2c.dir/Users/ohmpanchal/.pico-sdk/sdk/2.0.0/src/common/pico_sync/lock_core.c.obj
 .debug_loclists
                0x00006e2c      0xafa CMakeFiles/slave_mem_i2c.dir/Users/ohmpanchal/.pico-sdk/sdk/2.0.0/src/common/pico_sync/mutex.c.obj
 .debug_loclists
                0x00007926     0x28a5 CMakeFiles/slave_mem_i2c.dir/Users/ohmpanchal/.pico-sdk/sdk/2.0.0/src/rp2_common/hardware_clocks/clocks.c.obj
 .debug_loclists
                0x0000a1cb     0x1a03 CMakeFiles/slave_mem_i2c.dir/Users/ohmpanchal/.pico-sdk/sdk/2.0.0/src/rp2_common/hardware_gpio/gpio.c.obj
 .debug_loclists
                0x0000bbce      0x1e0 CMakeFiles/slave_mem_i2c.dir/Users/ohmpanchal/.pico-sdk/sdk/2.0.0/src/rp2_common/hardware_pll/pll.c.obj
 .debug_loclists
                0x0000bdae       0x47 CMakeFiles/slave_mem_i2c.dir/Users/ohmpanchal/.pico-sdk/sdk/2.0.0/src/rp2_common/hardware_ticks/ticks.c.obj
 .debug_loclists
                0x0000bdf5       0x48 CMakeFiles/slave_mem_i2c.dir/Users/ohmpanchal/.pico-sdk/sdk/2.0.0/src/rp2_common/hardware_xosc/xosc.c.obj
 .debug_loclists
                0x0000be3d       0x98 CMakeFiles/slave_mem_i2c.dir/Users/ohmpanchal/.pico-sdk/sdk/2.0.0/src/rp2_common/hardware_adc/adc.c.obj
 .debug_loclists
                0x0000bed5      0xc90 CMakeFiles/slave_mem_i2c.dir/Users/ohmpanchal/.pico-sdk/sdk/2.0.0/src/rp2_common/hardware_uart/uart.c.obj
 .debug_loclists
                0x0000cb65       0x7e CMakeFiles/slave_mem_i2c.dir/Users/ohmpanchal/.pico-sdk/sdk/2.0.0/src/rp2_common/pico_runtime/runtime.c.obj
 .debug_loclists
                0x0000cbe3       0xba CMakeFiles/slave_mem_i2c.dir/Users/ohmpanchal/.pico-sdk/sdk/2.0.0/src/rp2_common/pico_runtime_init/runtime_init.c.obj
 .debug_loclists
                0x0000cc9d       0x74 CMakeFiles/slave_mem_i2c.dir/Users/ohmpanchal/.pico-sdk/sdk/2.0.0/src/rp2_common/pico_runtime_init/runtime_init_clocks.c.obj
 .debug_loclists
                0x0000cd11      0x2ba CMakeFiles/slave_mem_i2c.dir/Users/ohmpanchal/.pico-sdk/sdk/2.0.0/src/rp2_common/pico_bootrom/bootrom.c.obj
 .debug_loclists
                0x0000cfcb       0x3d CMakeFiles/slave_mem_i2c.dir/Users/ohmpanchal/.pico-sdk/sdk/2.0.0/src/rp2_common/pico_double/double_init_rom_rp2040.c.obj
 .debug_loclists
                0x0000d008       0x59 CMakeFiles/slave_mem_i2c.dir/Users/ohmpanchal/.pico-sdk/sdk/2.0.0/src/rp2_common/pico_float/float_init_rom_rp2040.c.obj
 .debug_loclists
                0x0000d061     0x2f65 CMakeFiles/slave_mem_i2c.dir/Users/ohmpanchal/.pico-sdk/sdk/2.0.0/src/rp2_common/pico_printf/printf.c.obj
 .debug_loclists
                0x0000ffc6      0x431 CMakeFiles/slave_mem_i2c.dir/Users/ohmpanchal/.pico-sdk/sdk/2.0.0/src/rp2_common/pico_clib_interface/newlib_interface.c.obj
 .debug_loclists
                0x000103f7      0xeab CMakeFiles/slave_mem_i2c.dir/Users/ohmpanchal/.pico-sdk/sdk/2.0.0/src/rp2_common/pico_stdio/stdio.c.obj
 .debug_loclists
                0x000112a2      0x729 CMakeFiles/slave_mem_i2c.dir/Users/ohmpanchal/.pico-sdk/sdk/2.0.0/src/rp2_common/pico_stdio_uart/stdio_uart.c.obj

.debug_aranges  0x00000000      0xfe0
 .debug_aranges
                0x00000000       0x40 CMakeFiles/slave_mem_i2c.dir/slave_mem_i2c.c.obj
 .debug_aranges
                0x00000040       0x30 CMakeFiles/slave_mem_i2c.dir/Users/ohmpanchal/.pico-sdk/sdk/2.0.0/src/rp2_common/pico_i2c_slave/i2c_slave.c.obj
 .debug_aranges
                0x00000070       0x78 CMakeFiles/slave_mem_i2c.dir/Users/ohmpanchal/.pico-sdk/sdk/2.0.0/src/rp2_common/hardware_i2c/i2c.c.obj
 .debug_aranges
                0x000000e8       0x28 CMakeFiles/slave_mem_i2c.dir/Users/ohmpanchal/.pico-sdk/sdk/2.0.0/src/rp2_common/pico_platform_panic/panic.c.obj
 .debug_aranges
                0x00000110       0x48 CMakeFiles/slave_mem_i2c.dir/Users/ohmpanchal/.pico-sdk/sdk/2.0.0/src/common/hardware_claim/claim.c.obj
 .debug_aranges
                0x00000158       0x48 CMakeFiles/slave_mem_i2c.dir/Users/ohmpanchal/.pico-sdk/sdk/2.0.0/src/rp2_common/hardware_sync/sync.c.obj
 .debug_aranges
                0x000001a0       0x28 CMakeFiles/slave_mem_i2c.dir/Users/ohmpanchal/.pico-sdk/sdk/2.0.0/src/rp2_common/hardware_sync_spin_lock/sync_spin_lock.c.obj
 .debug_aranges
                0x000001c8       0xe0 CMakeFiles/slave_mem_i2c.dir/Users/ohmpanchal/.pico-sdk/sdk/2.0.0/src/common/pico_time/time.c.obj
 .debug_aranges
                0x000002a8       0xf0 CMakeFiles/slave_mem_i2c.dir/Users/ohmpanchal/.pico-sdk/sdk/2.0.0/src/rp2_common/hardware_timer/timer.c.obj
 .debug_aranges
                0x00000398       0xb0 CMakeFiles/slave_mem_i2c.dir/Users/ohmpanchal/.pico-sdk/sdk/2.0.0/src/rp2_common/hardware_irq/irq.c.obj
 .debug_aranges
                0x00000448       0x20 CMakeFiles/slave_mem_i2c.dir/Users/ohmpanchal/.pico-sdk/sdk/2.0.0/src/common/pico_sync/lock_core.c.obj
 .debug_aranges
                0x00000468       0x98 CMakeFiles/slave_mem_i2c.dir/Users/ohmpanchal/.pico-sdk/sdk/2.0.0/src/common/pico_sync/mutex.c.obj
 .debug_aranges
                0x00000500       0x90 CMakeFiles/slave_mem_i2c.dir/Users/ohmpanchal/.pico-sdk/sdk/2.0.0/src/rp2_common/hardware_clocks/clocks.c.obj
 .debug_aranges
                0x00000590      0x120 CMakeFiles/slave_mem_i2c.dir/Users/ohmpanchal/.pico-sdk/sdk/2.0.0/src/rp2_common/hardware_gpio/gpio.c.obj
 .debug_aranges
                0x000006b0       0x28 CMakeFiles/slave_mem_i2c.dir/Users/ohmpanchal/.pico-sdk/sdk/2.0.0/src/rp2_common/hardware_pll/pll.c.obj
 .debug_aranges
                0x000006d8       0x30 CMakeFiles/slave_mem_i2c.dir/Users/ohmpanchal/.pico-sdk/sdk/2.0.0/src/rp2_common/hardware_ticks/ticks.c.obj
 .debug_aranges
                0x00000708       0x30 CMakeFiles/slave_mem_i2c.dir/Users/ohmpanchal/.pico-sdk/sdk/2.0.0/src/rp2_common/hardware_xosc/xosc.c.obj
 .debug_aranges
                0x00000738       0x20 CMakeFiles/slave_mem_i2c.dir/Users/ohmpanchal/.pico-sdk/sdk/2.0.0/src/rp2_common/hardware_adc/adc.c.obj
 .debug_aranges
                0x00000758       0x58 CMakeFiles/slave_mem_i2c.dir/Users/ohmpanchal/.pico-sdk/sdk/2.0.0/src/rp2_common/hardware_uart/uart.c.obj
 .debug_aranges
                0x000007b0       0x38 CMakeFiles/slave_mem_i2c.dir/Users/ohmpanchal/.pico-sdk/sdk/2.0.0/src/rp2_common/pico_runtime/runtime.c.obj
 .debug_aranges
                0x000007e8       0x48 CMakeFiles/slave_mem_i2c.dir/Users/ohmpanchal/.pico-sdk/sdk/2.0.0/src/rp2_common/pico_runtime_init/runtime_init.c.obj
 .debug_aranges
                0x00000830       0x20 CMakeFiles/slave_mem_i2c.dir/Users/ohmpanchal/.pico-sdk/sdk/2.0.0/src/rp2_common/pico_runtime_init/runtime_init_clocks.c.obj
 .debug_aranges
                0x00000850       0x60 CMakeFiles/slave_mem_i2c.dir/Users/ohmpanchal/.pico-sdk/sdk/2.0.0/src/rp2_common/pico_bit_ops/bit_ops_aeabi.S.obj
 .debug_aranges
                0x000008b0       0x38 CMakeFiles/slave_mem_i2c.dir/Users/ohmpanchal/.pico-sdk/sdk/2.0.0/src/rp2_common/pico_bootrom/bootrom.c.obj
 .debug_aranges
                0x000008e8       0x40 CMakeFiles/slave_mem_i2c.dir/Users/ohmpanchal/.pico-sdk/sdk/2.0.0/src/rp2_common/pico_divider/divider_hardware.S.obj
 .debug_aranges
                0x00000928      0x140 CMakeFiles/slave_mem_i2c.dir/Users/ohmpanchal/.pico-sdk/sdk/2.0.0/src/rp2_common/pico_double/double_aeabi_rp2040.S.obj
 .debug_aranges
                0x00000a68       0x20 CMakeFiles/slave_mem_i2c.dir/Users/ohmpanchal/.pico-sdk/sdk/2.0.0/src/rp2_common/pico_double/double_init_rom_rp2040.c.obj
 .debug_aranges
                0x00000a88       0xc8 CMakeFiles/slave_mem_i2c.dir/Users/ohmpanchal/.pico-sdk/sdk/2.0.0/src/rp2_common/pico_double/double_v1_rom_shim_rp2040.S.obj
 .debug_aranges
                0x00000b50      0x130 CMakeFiles/slave_mem_i2c.dir/Users/ohmpanchal/.pico-sdk/sdk/2.0.0/src/rp2_common/pico_float/float_aeabi_rp2040.S.obj
 .debug_aranges
                0x00000c80       0x20 CMakeFiles/slave_mem_i2c.dir/Users/ohmpanchal/.pico-sdk/sdk/2.0.0/src/rp2_common/pico_float/float_init_rom_rp2040.c.obj
 .debug_aranges
                0x00000ca0       0x50 CMakeFiles/slave_mem_i2c.dir/Users/ohmpanchal/.pico-sdk/sdk/2.0.0/src/rp2_common/pico_float/float_v1_rom_shim_rp2040.S.obj
 .debug_aranges
                0x00000cf0       0x38 CMakeFiles/slave_mem_i2c.dir/Users/ohmpanchal/.pico-sdk/sdk/2.0.0/src/rp2_common/pico_mem_ops/mem_ops_aeabi.S.obj
 .debug_aranges
                0x00000d28       0x18 CMakeFiles/slave_mem_i2c.dir/Users/ohmpanchal/.pico-sdk/sdk/2.0.0/src/rp2_common/pico_standard_binary_info/standard_binary_info.c.obj
 .debug_aranges
                0x00000d40       0x90 CMakeFiles/slave_mem_i2c.dir/Users/ohmpanchal/.pico-sdk/sdk/2.0.0/src/rp2_common/pico_printf/printf.c.obj
 .debug_aranges
                0x00000dd0       0x28 CMakeFiles/slave_mem_i2c.dir/Users/ohmpanchal/.pico-sdk/sdk/2.0.0/src/rp2_common/pico_crt0/crt0.S.obj
 .debug_aranges
                0x00000df8       0xa0 CMakeFiles/slave_mem_i2c.dir/Users/ohmpanchal/.pico-sdk/sdk/2.0.0/src/rp2_common/pico_clib_interface/newlib_interface.c.obj
 .debug_aranges
                0x00000e98       0xc8 CMakeFiles/slave_mem_i2c.dir/Users/ohmpanchal/.pico-sdk/sdk/2.0.0/src/rp2_common/pico_stdio/stdio.c.obj
 .debug_aranges
                0x00000f60       0x80 CMakeFiles/slave_mem_i2c.dir/Users/ohmpanchal/.pico-sdk/sdk/2.0.0/src/rp2_common/pico_stdio_uart/stdio_uart.c.obj

.debug_rnglists
                0x00000000     0x2ecc
 .debug_rnglists
                0x00000000       0x98 CMakeFiles/slave_mem_i2c.dir/slave_mem_i2c.c.obj
 .debug_rnglists
                0x00000098       0x56 CMakeFiles/slave_mem_i2c.dir/Users/ohmpanchal/.pico-sdk/sdk/2.0.0/src/rp2_common/pico_i2c_slave/i2c_slave.c.obj
 .debug_rnglists
                0x000000ee      0x177 CMakeFiles/slave_mem_i2c.dir/Users/ohmpanchal/.pico-sdk/sdk/2.0.0/src/rp2_common/hardware_i2c/i2c.c.obj
 .debug_rnglists
                0x00000265       0x19 CMakeFiles/slave_mem_i2c.dir/Users/ohmpanchal/.pico-sdk/sdk/2.0.0/src/rp2_common/pico_platform_panic/panic.c.obj
 .debug_rnglists
                0x0000027e       0xc5 CMakeFiles/slave_mem_i2c.dir/Users/ohmpanchal/.pico-sdk/sdk/2.0.0/src/common/hardware_claim/claim.c.obj
 .debug_rnglists
                0x00000343       0x67 CMakeFiles/slave_mem_i2c.dir/Users/ohmpanchal/.pico-sdk/sdk/2.0.0/src/rp2_common/hardware_sync/sync.c.obj
 .debug_rnglists
                0x000003aa       0x3d CMakeFiles/slave_mem_i2c.dir/Users/ohmpanchal/.pico-sdk/sdk/2.0.0/src/rp2_common/hardware_sync_spin_lock/sync_spin_lock.c.obj
 .debug_rnglists
                0x000003e7      0x795 CMakeFiles/slave_mem_i2c.dir/Users/ohmpanchal/.pico-sdk/sdk/2.0.0/src/common/pico_time/time.c.obj
 .debug_rnglists
                0x00000b7c      0x2c9 CMakeFiles/slave_mem_i2c.dir/Users/ohmpanchal/.pico-sdk/sdk/2.0.0/src/rp2_common/hardware_timer/timer.c.obj
 .debug_rnglists
                0x00000e45      0x355 CMakeFiles/slave_mem_i2c.dir/Users/ohmpanchal/.pico-sdk/sdk/2.0.0/src/rp2_common/hardware_irq/irq.c.obj
 .debug_rnglists
                0x0000119a       0x1f CMakeFiles/slave_mem_i2c.dir/Users/ohmpanchal/.pico-sdk/sdk/2.0.0/src/common/pico_sync/lock_core.c.obj
 .debug_rnglists
                0x000011b9      0x32c CMakeFiles/slave_mem_i2c.dir/Users/ohmpanchal/.pico-sdk/sdk/2.0.0/src/common/pico_sync/mutex.c.obj
 .debug_rnglists
                0x000014e5      0x4ad CMakeFiles/slave_mem_i2c.dir/Users/ohmpanchal/.pico-sdk/sdk/2.0.0/src/rp2_common/hardware_clocks/clocks.c.obj
 .debug_rnglists
                0x00001992      0x5c7 CMakeFiles/slave_mem_i2c.dir/Users/ohmpanchal/.pico-sdk/sdk/2.0.0/src/rp2_common/hardware_gpio/gpio.c.obj
 .debug_rnglists
                0x00001f59       0x5c CMakeFiles/slave_mem_i2c.dir/Users/ohmpanchal/.pico-sdk/sdk/2.0.0/src/rp2_common/hardware_pll/pll.c.obj
 .debug_rnglists
                0x00001fb5       0x2b CMakeFiles/slave_mem_i2c.dir/Users/ohmpanchal/.pico-sdk/sdk/2.0.0/src/rp2_common/hardware_ticks/ticks.c.obj
 .debug_rnglists
                0x00001fe0       0x2b CMakeFiles/slave_mem_i2c.dir/Users/ohmpanchal/.pico-sdk/sdk/2.0.0/src/rp2_common/hardware_xosc/xosc.c.obj
 .debug_rnglists
                0x0000200b       0x2b CMakeFiles/slave_mem_i2c.dir/Users/ohmpanchal/.pico-sdk/sdk/2.0.0/src/rp2_common/hardware_adc/adc.c.obj
 .debug_rnglists
                0x00002036      0x259 CMakeFiles/slave_mem_i2c.dir/Users/ohmpanchal/.pico-sdk/sdk/2.0.0/src/rp2_common/hardware_uart/uart.c.obj
 .debug_rnglists
                0x0000228f       0x3d CMakeFiles/slave_mem_i2c.dir/Users/ohmpanchal/.pico-sdk/sdk/2.0.0/src/rp2_common/pico_runtime/runtime.c.obj
 .debug_rnglists
                0x000022cc       0x49 CMakeFiles/slave_mem_i2c.dir/Users/ohmpanchal/.pico-sdk/sdk/2.0.0/src/rp2_common/pico_runtime_init/runtime_init.c.obj
 .debug_rnglists
                0x00002315       0x20 CMakeFiles/slave_mem_i2c.dir/Users/ohmpanchal/.pico-sdk/sdk/2.0.0/src/rp2_common/pico_runtime_init/runtime_init_clocks.c.obj
 .debug_rnglists
                0x00002335       0x43 CMakeFiles/slave_mem_i2c.dir/Users/ohmpanchal/.pico-sdk/sdk/2.0.0/src/rp2_common/pico_bit_ops/bit_ops_aeabi.S.obj
 .debug_rnglists
                0x00002378       0xdc CMakeFiles/slave_mem_i2c.dir/Users/ohmpanchal/.pico-sdk/sdk/2.0.0/src/rp2_common/pico_bootrom/bootrom.c.obj
 .debug_rnglists
                0x00002454       0x2c CMakeFiles/slave_mem_i2c.dir/Users/ohmpanchal/.pico-sdk/sdk/2.0.0/src/rp2_common/pico_divider/divider_hardware.S.obj
 .debug_rnglists
                0x00002480       0xed CMakeFiles/slave_mem_i2c.dir/Users/ohmpanchal/.pico-sdk/sdk/2.0.0/src/rp2_common/pico_double/double_aeabi_rp2040.S.obj
 .debug_rnglists
                0x0000256d       0x14 CMakeFiles/slave_mem_i2c.dir/Users/ohmpanchal/.pico-sdk/sdk/2.0.0/src/rp2_common/pico_double/double_init_rom_rp2040.c.obj
 .debug_rnglists
                0x00002581       0x99 CMakeFiles/slave_mem_i2c.dir/Users/ohmpanchal/.pico-sdk/sdk/2.0.0/src/rp2_common/pico_double/double_v1_rom_shim_rp2040.S.obj
 .debug_rnglists
                0x0000261a       0xdf CMakeFiles/slave_mem_i2c.dir/Users/ohmpanchal/.pico-sdk/sdk/2.0.0/src/rp2_common/pico_float/float_aeabi_rp2040.S.obj
 .debug_rnglists